2026-09-10T07:08:50+00:00 INFO    [event=application.started] IPTV-API 版本: 3.0.0 (构建时间: 2026-08-07 11:45:59)
2026-09-10T07:08:50+00:00 INFO    [phase=prepare event=network.ipv6.checking] 🛜 正在检查当前网络是否支持IPv6...
2026-09-10T07:08:50+00:00 WARNING [phase=prepare event=network.ipv6.unsupported] 当前网络不支持IPv6，别担心，IPv6的结果会被保存下来
2026-09-10T07:08:50+00:00 INFO    [run=5457ae804b3e46ef8fa007a08e69c06a phase=prepare event=run.started] 性能模式: auto → balance，可用资源: 4.0 CPU / 15.61 GB，并发: 测速 8、媒体探测 2、源抓取 8
2026-09-10T07:08:50+00:00 INFO    [run=5457ae804b3e46ef8fa007a08e69c06a phase=prepare event=channels.catalog_loaded] 频道目录已加载：白名单 0，黑名单 2，台标 21
2026-09-10T07:08:50+00:00 INFO    [run=5457ae804b3e46ef8fa007a08e69c06a phase=fetch event=sources.subscribe.summary] 订阅源数量：10，订阅白名单数量：0，停用地址数量：0，有效总数量：10
2026-09-10T07:08:50+00:00 INFO    [run=5457ae804b3e46ef8fa007a08e69c06a phase=fetch event=progress.started] 正在进行获取订阅源  0/10
2026-09-10T07:08:50+00:00 INFO    [run=5457ae804b3e46ef8fa007a08e69c06a phase=fetch event=sources.epg.summary] EPG源数量：8，EPG白名单数量：0，停用地址数量：0，有效总数量：8
2026-09-10T07:08:50+00:00 INFO    [run=5457ae804b3e46ef8fa007a08e69c06a phase=fetch event=progress.started] 正在进行获取EPG源  0/8
2026-09-10T07:08:51+00:00 WARNING [run=5457ae804b3e46ef8fa007a08e69c06a phase=fetch event=request.retrying] 🔄 请求https://iptv.1989.click/playlist.m3u失败，正在进行第1次重试...
2026-09-10T07:08:51+00:00 INFO    [run=5457ae804b3e46ef8fa007a08e69c06a phase=fetch event=progress.updated] 正在进行获取订阅源  1/10 (10%)  剩余 9
2026-09-10T07:08:51+00:00 INFO    [run=5457ae804b3e46ef8fa007a08e69c06a phase=fetch event=epg.source_parsed] EPG 源解析完成：http://e.erw.cc/e.xml.gz，保留节目 6156 条
2026-09-10T07:08:51+00:00 INFO    [run=5457ae804b3e46ef8fa007a08e69c06a phase=fetch event=progress.updated] 正在进行获取EPG源  1/8 (12%)  剩余 7
2026-09-10T07:08:52+00:00 WARNING [run=5457ae804b3e46ef8fa007a08e69c06a phase=fetch event=request.retrying] 🔄 请求http://iptv.4666888.xyz/FYTV.m3u失败，正在进行第1次重试...
2026-09-10T07:08:52+00:00 INFO    [run=5457ae804b3e46ef8fa007a08e69c06a phase=fetch event=progress.updated] 正在进行获取订阅源  2/10 (20%)  剩余 8
2026-09-10T07:08:52+00:00 INFO    [run=5457ae804b3e46ef8fa007a08e69c06a phase=fetch event=progress.updated] 正在进行获取订阅源  3/10 (30%)  剩余 7
2026-09-10T07:08:52+00:00 WARNING [run=5457ae804b3e46ef8fa007a08e69c06a phase=fetch event=source.request_failed] 订阅源请求失败：❌ 请求https://iptv.1989.click/playlist.m3u失败，已达到最大重试次数
2026-09-10T07:08:52+00:00 INFO    [run=5457ae804b3e46ef8fa007a08e69c06a phase=fetch event=progress.updated] 正在进行获取订阅源  4/10 (40%)  剩余 6
2026-09-10T07:08:53+00:00 INFO    [run=5457ae804b3e46ef8fa007a08e69c06a phase=fetch event=progress.updated] 正在进行获取订阅源  5/10 (50%)  剩余 5
2026-09-10T07:08:53+00:00 INFO    [run=5457ae804b3e46ef8fa007a08e69c06a phase=fetch event=progress.updated] 正在进行获取订阅源  6/10 (60%)  剩余 4
2026-09-10T07:08:53+00:00 INFO    [run=5457ae804b3e46ef8fa007a08e69c06a phase=fetch event=progress.updated] 正在进行获取订阅源  7/10 (70%)  剩余 3
2026-09-10T07:08:54+00:00 INFO    [run=5457ae804b3e46ef8fa007a08e69c06a phase=fetch event=progress.updated] 正在进行获取订阅源  8/10 (80%)  剩余 2
2026-09-10T07:09:01+00:00 WARNING [run=5457ae804b3e46ef8fa007a08e69c06a phase=fetch event=request.retrying] 🔄 请求https://live.445569.xyz/live.m3u失败，正在进行第1次重试...
2026-09-10T07:09:03+00:00 INFO    [run=5457ae804b3e46ef8fa007a08e69c06a phase=fetch event=epg.source_parsed] EPG 源解析完成：https://gitee.com/taksssss/tv/raw/main/epg/erw.xml.gz，保留节目 8761 条
2026-09-10T07:09:03+00:00 INFO    [run=5457ae804b3e46ef8fa007a08e69c06a phase=fetch event=progress.updated] 正在进行获取EPG源  2/8 (25%)  剩余 6
2026-09-10T07:09:03+00:00 WARNING [run=5457ae804b3e46ef8fa007a08e69c06a phase=fetch event=source.request_failed] 订阅源请求失败：❌ 请求http://iptv.4666888.xyz/FYTV.m3u失败，已达到最大重试次数
2026-09-10T07:09:03+00:00 INFO    [run=5457ae804b3e46ef8fa007a08e69c06a phase=fetch event=progress.updated] 正在进行获取订阅源  9/10 (90%)  剩余 1
2026-09-10T07:09:04+00:00 INFO    [run=5457ae804b3e46ef8fa007a08e69c06a phase=fetch event=epg.source_parsed] EPG 源解析完成：https://gitee.com/taksssss/tv/raw/main/epg/epgpw_cn.xml.gz，保留节目 10274 条
2026-09-10T07:09:04+00:00 INFO    [run=5457ae804b3e46ef8fa007a08e69c06a phase=fetch event=progress.updated] 正在进行获取EPG源  3/8 (37%)  剩余 5
2026-09-10T07:09:08+00:00 INFO    [run=5457ae804b3e46ef8fa007a08e69c06a phase=fetch event=epg.source_parsed] EPG 源解析完成：https://gitee.com/taksssss/tv/raw/main/epg/epgpw_hk.xml.gz，保留节目 9766 条
2026-09-10T07:09:08+00:00 INFO    [run=5457ae804b3e46ef8fa007a08e69c06a phase=fetch event=progress.updated] 正在进行获取EPG源  4/8 (50%)  剩余 4
2026-09-10T07:09:11+00:00 INFO    [run=5457ae804b3e46ef8fa007a08e69c06a phase=fetch event=progress.updated] 正在进行获取订阅源  10/10 (100%)  剩余 0
2026-09-10T07:09:12+00:00 INFO    [run=5457ae804b3e46ef8fa007a08e69c06a phase=fetch event=sources.subscribe.finished] 订阅源: ✅ 有效地址数量：10，⛔ 停用地址数量：0
2026-09-10T07:09:12+00:00 INFO    [run=5457ae804b3e46ef8fa007a08e69c06a phase=fetch event=progress.finished] 正在进行获取订阅源  10/10  未匹配 10000
2026-09-10T07:09:12+00:00 INFO    [run=5457ae804b3e46ef8fa007a08e69c06a phase=fetch event=epg.source_parsed] EPG 源解析完成：https://gitee.com/taksssss/tv/raw/main/epg/epgpw_tw.xml.gz，保留节目 17013 条
2026-09-10T07:09:12+00:00 INFO    [run=5457ae804b3e46ef8fa007a08e69c06a phase=fetch event=progress.updated] 正在进行获取EPG源  5/8 (62%)  剩余 3
2026-09-10T07:09:13+00:00 INFO    [run=5457ae804b3e46ef8fa007a08e69c06a phase=fetch event=epg.source_parsed] EPG 源解析完成：https://gitee.com/taksssss/tv/raw/main/epg/51zmt.xml.gz，保留节目 4674 条
2026-09-10T07:09:13+00:00 INFO    [run=5457ae804b3e46ef8fa007a08e69c06a phase=fetch event=progress.updated] 正在进行获取EPG源  6/8 (75%)  剩余 2
2026-09-10T07:09:15+00:00 INFO    [run=5457ae804b3e46ef8fa007a08e69c06a phase=fetch event=epg.source_parsed] EPG 源解析完成：https://gitee.com/taksssss/tv/raw/main/epg/51zmte1.xml.gz，保留节目 7186 条
2026-09-10T07:09:15+00:00 INFO    [run=5457ae804b3e46ef8fa007a08e69c06a phase=fetch event=progress.updated] 正在进行获取EPG源  7/8 (87%)  剩余 1
2026-09-10T07:09:16+00:00 INFO    [run=5457ae804b3e46ef8fa007a08e69c06a phase=fetch event=epg.source_parsed] EPG 源解析完成：https://gitee.com/taksssss/tv/raw/main/epg/51zmte2.xml.gz，保留节目 3602 条
2026-09-10T07:09:16+00:00 INFO    [run=5457ae804b3e46ef8fa007a08e69c06a phase=fetch event=progress.updated] 正在进行获取EPG源  8/8 (100%)  剩余 0
2026-09-10T07:09:16+00:00 INFO    [run=5457ae804b3e46ef8fa007a08e69c06a phase=fetch event=sources.epg.finished] EPG源: ✅ 有效地址数量：8，⛔ 停用地址数量：0
2026-09-10T07:09:16+00:00 INFO    [run=5457ae804b3e46ef8fa007a08e69c06a phase=fetch event=progress.finished] 正在进行获取EPG源  8/8  匹配 254 个频道
2026-09-10T07:09:55+00:00 INFO    [run=5457ae804b3e46ef8fa007a08e69c06a phase=aggregate event=channels.aggregated] 频道数据聚合完成：593 个频道，4302 个接口（IPv4 3785 / IPv6 517）
2026-09-10T07:09:55+00:00 INFO    [run=5457ae804b3e46ef8fa007a08e69c06a phase=speed_test event=speed_test.planned] 总接口数量: 2875, 需要进行测速的接口数量: 2555
2026-09-10T07:09:55+00:00 INFO    [run=5457ae804b3e46ef8fa007a08e69c06a phase=speed_test event=progress.started] 测速  0/2555
2026-09-10T07:09:59+00:00 INFO    [run=5457ae804b3e46ef8fa007a08e69c06a phase=speed_test event=progress.updated] 测速  1/2555 (0%)  有效 0  失败 1  广州新闻
2026-09-10T07:10:29+00:00 INFO    [run=5457ae804b3e46ef8fa007a08e69c06a phase=speed_test event=progress.updated] 测速  56/2555 (2%)  有效 23  失败 33  广东卫视
2026-09-10T07:11:00+00:00 INFO    [run=5457ae804b3e46ef8fa007a08e69c06a phase=speed_test event=progress.updated] 测速  132/2555 (5%)  有效 52  失败 80  金鹰纪实
2026-09-10T07:11:30+00:00 INFO    [run=5457ae804b3e46ef8fa007a08e69c06a phase=speed_test event=progress.updated] 测速  200/2555 (7%)  有效 64  失败 136  CCTV-02咪咕
2026-09-10T07:12:00+00:00 INFO    [run=5457ae804b3e46ef8fa007a08e69c06a phase=speed_test event=progress.updated] 测速  268/2555 (10%)  有效 86  失败 182  CCTV-05咪咕
2026-09-10T07:12:32+00:00 INFO    [run=5457ae804b3e46ef8fa007a08e69c06a phase=speed_test event=progress.updated] 测速  336/2555 (13%)  有效 101  失败 235  CCTV-07咪咕
2026-09-10T07:13:02+00:00 INFO    [run=5457ae804b3e46ef8fa007a08e69c06a phase=speed_test event=progress.updated] 测速  403/2555 (15%)  有效 123  失败 280  CCTV-09咪咕
2026-09-10T07:13:33+00:00 INFO    [run=5457ae804b3e46ef8fa007a08e69c06a phase=speed_test event=progress.updated] 测速  471/2555 (18%)  有效 141  失败 330  CCTV-11咪咕
2026-09-10T07:14:03+00:00 INFO    [run=5457ae804b3e46ef8fa007a08e69c06a phase=speed_test event=progress.updated] 测速  535/2555 (20%)  有效 156  失败 379  CCTV-14咪咕
2026-09-10T07:14:34+00:00 INFO    [run=5457ae804b3e46ef8fa007a08e69c06a phase=speed_test event=progress.updated] 测速  608/2555 (23%)  有效 178  失败 430  CCTV-17咪咕
2026-09-10T07:15:05+00:00 INFO    [run=5457ae804b3e46ef8fa007a08e69c06a phase=speed_test event=progress.updated] 测速  674/2555 (26%)  有效 196  失败 478  CCTV-5+咪咕
2026-09-10T07:15:35+00:00 INFO    [run=5457ae804b3e46ef8fa007a08e69c06a phase=speed_test event=progress.updated] 测速  750/2555 (29%)  有效 219  失败 531  湖北卫视咪咕
2026-09-10T07:16:05+00:00 INFO    [run=5457ae804b3e46ef8fa007a08e69c06a phase=speed_test event=progress.updated] 测速  846/2555 (33%)  有效 259  失败 587  CETV-3
2026-09-10T07:16:36+00:00 INFO    [run=5457ae804b3e46ef8fa007a08e69c06a phase=speed_test event=progress.updated] 测速  922/2555 (36%)  有效 275  失败 647  湖南卫视
2026-09-10T07:17:07+00:00 INFO    [run=5457ae804b3e46ef8fa007a08e69c06a phase=speed_test event=progress.updated] 测速  983/2555 (38%)  有效 288  失败 695  黑龙江卫视
2026-09-10T07:17:37+00:00 INFO    [run=5457ae804b3e46ef8fa007a08e69c06a phase=speed_test event=progress.updated] 测速  1055/2555 (41%)  有效 310  失败 745  东南卫视
2026-09-10T07:18:07+00:00 INFO    [run=5457ae804b3e46ef8fa007a08e69c06a phase=speed_test event=progress.updated] 测速  1116/2555 (43%)  有效 331  失败 785  广西卫视
2026-09-10T07:18:37+00:00 INFO    [run=5457ae804b3e46ef8fa007a08e69c06a phase=speed_test event=progress.updated] 测速  1192/2555 (46%)  有效 355  失败 837  河南卫视
2026-09-10T07:19:08+00:00 INFO    [run=5457ae804b3e46ef8fa007a08e69c06a phase=speed_test event=progress.updated] 测速  1268/2555 (49%)  有效 378  失败 890  内蒙古卫视
2026-09-10T07:19:38+00:00 INFO    [run=5457ae804b3e46ef8fa007a08e69c06a phase=speed_test event=progress.updated] 测速  1340/2555 (52%)  有效 400  失败 940  山东卫视
2026-09-10T07:20:09+00:00 INFO    [run=5457ae804b3e46ef8fa007a08e69c06a phase=speed_test event=progress.updated] 测速  1422/2555 (55%)  有效 429  失败 993  西藏卫视
2026-09-10T07:20:40+00:00 INFO    [run=5457ae804b3e46ef8fa007a08e69c06a phase=speed_test event=progress.updated] 测速  1521/2555 (59%)  有效 453  失败 1068  凤凰卫视
2026-09-10T07:21:10+00:00 INFO    [run=5457ae804b3e46ef8fa007a08e69c06a phase=speed_test event=progress.updated] 测速  1631/2555 (63%)  有效 483  失败 1148  TVBS欢乐
2026-09-10T07:21:40+00:00 INFO    [run=5457ae804b3e46ef8fa007a08e69c06a phase=speed_test event=progress.updated] 测速  1768/2555 (69%)  有效 499  失败 1269  CatchPlay 電影台
2026-09-10T07:22:11+00:00 INFO    [run=5457ae804b3e46ef8fa007a08e69c06a phase=speed_test event=progress.updated] 测速  1877/2555 (73%)  有效 517  失败 1360  龙游新闻综合
2026-09-10T07:22:41+00:00 INFO    [run=5457ae804b3e46ef8fa007a08e69c06a phase=speed_test event=progress.updated] 测速  1913/2555 (74%)  有效 521  失败 1392  开化国家公园
2026-09-10T07:23:11+00:00 INFO    [run=5457ae804b3e46ef8fa007a08e69c06a phase=speed_test event=progress.updated] 测速  1968/2555 (77%)  有效 530  失败 1438  上海第一财经
2026-09-10T07:23:42+00:00 INFO    [run=5457ae804b3e46ef8fa007a08e69c06a phase=speed_test event=progress.updated] 测速  2073/2555 (81%)  有效 584  失败 1489  CHC动作电影
2026-09-10T07:24:12+00:00 INFO    [run=5457ae804b3e46ef8fa007a08e69c06a phase=speed_test event=progress.updated] 测速  2202/2555 (86%)  有效 642  失败 1560  兵器科技
2026-09-10T07:24:42+00:00 INFO    [run=5457ae804b3e46ef8fa007a08e69c06a phase=speed_test event=progress.updated] 测速  2248/2555 (87%)  有效 648  失败 1600  咪咕直播17
2026-09-10T07:25:13+00:00 INFO    [run=5457ae804b3e46ef8fa007a08e69c06a phase=speed_test event=progress.updated] 测速  2343/2555 (91%)  有效 683  失败 1660  金鹰卡通
2026-09-10T07:25:26+00:00 INFO    [run=5457ae804b3e46ef8fa007a08e69c06a phase=speed_test event=speed_test.artifacts_written] 测速明细已写入 output/log/speed_test.log，有效结果已写入 output/log/result.log
2026-09-10T07:25:26+00:00 INFO    [run=5457ae804b3e46ef8fa007a08e69c06a phase=speed_test event=progress.finished] 测速  2555/2555  有效 685  失败 1677
2026-09-10T07:25:26+00:00 INFO    [run=5457ae804b3e46ef8fa007a08e69c06a phase=output event=output.written] 结果文件生成完成：更新 3 个文件
2026-09-10T07:25:27+00:00 INFO    [run=5457ae804b3e46ef8fa007a08e69c06a phase=statistics event=statistics.finished] 频道统计完成：测试 2362，有效 685
2026-09-10T07:25:27+00:00 INFO    [run=5457ae804b3e46ef8fa007a08e69c06a phase=complete event=run.summary] 更新摘要
2026-09-10T07:25:27+00:00 INFO    [run=5457ae804b3e46ef8fa007a08e69c06a phase=complete event=run.finished] 更新完成！总耗时：16:36
2026-09-10T08:04:58+00:00 INFO    [event=application.started] IPTV-API 版本: 3.0.0 (构建时间: 2026-08-07 11:45:59)
2026-09-10T08:04:58+00:00 INFO    [phase=prepare event=network.ipv6.checking] 🛜 正在检查当前网络是否支持IPv6...
2026-09-10T08:04:58+00:00 WARNING [phase=prepare event=network.ipv6.unsupported] 当前网络不支持IPv6，别担心，IPv6的结果会被保存下来
2026-09-10T08:04:58+00:00 INFO    [run=fc23093d14f04170adf11861962c130f phase=prepare event=run.started] 性能模式: auto → balance，可用资源: 4.0 CPU / 15.61 GB，并发: 测速 8、媒体探测 2、源抓取 8
2026-09-10T08:04:58+00:00 INFO    [run=fc23093d14f04170adf11861962c130f phase=prepare event=channels.catalog_loaded] 频道目录已加载：白名单 0，黑名单 2，台标 21
2026-09-10T08:04:58+00:00 INFO    [run=fc23093d14f04170adf11861962c130f phase=fetch event=sources.subscribe.summary] 订阅源数量：50，订阅白名单数量：0，停用地址数量：19，有效总数量：49
2026-09-10T08:04:58+00:00 INFO    [run=fc23093d14f04170adf11861962c130f phase=fetch event=progress.started] 正在进行获取订阅源  0/49
2026-09-10T08:04:58+00:00 INFO    [run=fc23093d14f04170adf11861962c130f phase=fetch event=sources.epg.summary] EPG源数量：8，EPG白名单数量：0，停用地址数量：0，有效总数量：8
2026-09-10T08:04:58+00:00 INFO    [run=fc23093d14f04170adf11861962c130f phase=fetch event=progress.started] 正在进行获取EPG源  0/8
2026-09-10T08:04:59+00:00 INFO    [run=fc23093d14f04170adf11861962c130f phase=fetch event=epg.source_parsed] EPG 源解析完成：http://e.erw.cc/e.xml.gz，保留节目 6156 条
2026-09-10T08:04:59+00:00 INFO    [run=fc23093d14f04170adf11861962c130f phase=fetch event=progress.updated] 正在进行获取EPG源  1/8 (12%)  剩余 7
2026-09-10T08:05:00+00:00 WARNING [run=fc23093d14f04170adf11861962c130f phase=fetch event=request.retrying] 🔄 请求https://iptv.1989.click/playlist.m3u失败，正在进行第1次重试...
2026-09-10T08:05:00+00:00 WARNING [run=fc23093d14f04170adf11861962c130f phase=fetch event=request.retrying] 🔄 请求http://iptv.4666888.xyz/FYTV.m3u失败，正在进行第1次重试...
2026-09-10T08:05:00+00:00 INFO    [run=fc23093d14f04170adf11861962c130f phase=fetch event=progress.updated] 正在进行获取订阅源  1/49 (2%)  剩余 48
2026-09-10T08:05:01+00:00 WARNING [run=fc23093d14f04170adf11861962c130f phase=fetch event=source.request_failed] 订阅源请求失败：❌ 请求https://iptv.1989.click/playlist.m3u失败，已达到最大重试次数
2026-09-10T08:05:01+00:00 INFO    [run=fc23093d14f04170adf11861962c130f phase=fetch event=progress.updated] 正在进行获取订阅源  6/49 (12%)  剩余 43
2026-09-10T08:05:01+00:00 WARNING [run=fc23093d14f04170adf11861962c130f phase=fetch event=request.retrying] 🔄 请求http://103.236.75.89:588/psy.m3u失败，正在进行第1次重试...
2026-09-10T08:05:02+00:00 WARNING [run=fc23093d14f04170adf11861962c130f phase=fetch event=source.request_failed] 订阅源请求失败：❌ 请求http://103.236.75.89:588/psy.m3u失败，已达到最大重试次数
2026-09-10T08:05:02+00:00 INFO    [run=fc23093d14f04170adf11861962c130f phase=fetch event=progress.updated] 正在进行获取订阅源  11/49 (22%)  剩余 38
2026-09-10T08:05:04+00:00 INFO    [run=fc23093d14f04170adf11861962c130f phase=fetch event=progress.updated] 正在进行获取订阅源  16/49 (32%)  剩余 33
2026-09-10T08:05:05+00:00 INFO    [run=fc23093d14f04170adf11861962c130f phase=fetch event=progress.updated] 正在进行获取订阅源  21/49 (42%)  剩余 28
2026-09-10T08:05:06+00:00 INFO    [run=fc23093d14f04170adf11861962c130f phase=fetch event=progress.updated] 正在进行获取订阅源  26/49 (53%)  剩余 23
2026-09-10T08:05:07+00:00 INFO    [run=fc23093d14f04170adf11861962c130f phase=fetch event=progress.updated] 正在进行获取订阅源  31/49 (63%)  剩余 18
2026-09-10T08:05:08+00:00 INFO    [run=fc23093d14f04170adf11861962c130f phase=fetch event=progress.updated] 正在进行获取订阅源  36/49 (73%)  剩余 13
2026-09-10T08:05:09+00:00 INFO    [run=fc23093d14f04170adf11861962c130f phase=fetch event=progress.updated] 正在进行获取订阅源  41/49 (83%)  剩余 8
2026-09-10T08:05:11+00:00 WARNING [run=fc23093d14f04170adf11861962c130f phase=fetch event=request.retrying] 🔄 请求https://live.445569.xyz/live.m3u失败，正在进行第1次重试...
2026-09-10T08:05:11+00:00 WARNING [run=fc23093d14f04170adf11861962c130f phase=fetch event=source.request_failed] 订阅源请求失败：❌ 请求http://iptv.4666888.xyz/FYTV.m3u失败，已达到最大重试次数
2026-09-10T08:05:11+00:00 INFO    [run=fc23093d14f04170adf11861962c130f phase=fetch event=progress.updated] 正在进行获取订阅源  46/49 (93%)  剩余 3
2026-09-10T08:05:13+00:00 INFO    [run=fc23093d14f04170adf11861962c130f phase=fetch event=epg.source_parsed] EPG 源解析完成：https://gitee.com/taksssss/tv/raw/main/epg/erw.xml.gz，保留节目 8524 条
2026-09-10T08:05:13+00:00 INFO    [run=fc23093d14f04170adf11861962c130f phase=fetch event=progress.updated] 正在进行获取EPG源  2/8 (25%)  剩余 6
2026-09-10T08:05:16+00:00 INFO    [run=fc23093d14f04170adf11861962c130f phase=fetch event=epg.source_parsed] EPG 源解析完成：https://gitee.com/taksssss/tv/raw/main/epg/epgpw_cn.xml.gz，保留节目 10274 条
2026-09-10T08:05:16+00:00 INFO    [run=fc23093d14f04170adf11861962c130f phase=fetch event=progress.updated] 正在进行获取EPG源  3/8 (37%)  剩余 5
2026-09-10T08:05:19+00:00 INFO    [run=fc23093d14f04170adf11861962c130f phase=fetch event=epg.source_parsed] EPG 源解析完成：https://gitee.com/taksssss/tv/raw/main/epg/epgpw_hk.xml.gz，保留节目 9766 条
2026-09-10T08:05:19+00:00 INFO    [run=fc23093d14f04170adf11861962c130f phase=fetch event=progress.updated] 正在进行获取EPG源  4/8 (50%)  剩余 4
2026-09-10T08:05:22+00:00 INFO    [run=fc23093d14f04170adf11861962c130f phase=fetch event=epg.source_parsed] EPG 源解析完成：https://gitee.com/taksssss/tv/raw/main/epg/epgpw_tw.xml.gz，保留节目 17013 条
2026-09-10T08:05:22+00:00 INFO    [run=fc23093d14f04170adf11861962c130f phase=fetch event=progress.updated] 正在进行获取EPG源  5/8 (62%)  剩余 3
2026-09-10T08:05:22+00:00 WARNING [run=fc23093d14f04170adf11861962c130f phase=fetch event=source.request_failed] 订阅源请求失败：❌ 请求https://live.445569.xyz/live.m3u失败，已达到最大重试次数
2026-09-10T08:05:22+00:00 INFO    [run=fc23093d14f04170adf11861962c130f phase=fetch event=progress.updated] 正在进行获取订阅源  49/49 (100%)  剩余 0
2026-09-10T08:05:22+00:00 INFO    [run=fc23093d14f04170adf11861962c130f phase=fetch event=sources.subscribe.finished] 订阅源: ✅ 有效地址数量：49，⛔ 停用地址数量：0
2026-09-10T08:05:22+00:00 INFO    [run=fc23093d14f04170adf11861962c130f phase=fetch event=progress.finished] 正在进行获取订阅源  49/49  未匹配 10000
2026-09-10T08:05:24+00:00 INFO    [run=fc23093d14f04170adf11861962c130f phase=fetch event=epg.source_parsed] EPG 源解析完成：https://gitee.com/taksssss/tv/raw/main/epg/51zmt.xml.gz，保留节目 4674 条
2026-09-10T08:05:24+00:00 INFO    [run=fc23093d14f04170adf11861962c130f phase=fetch event=progress.updated] 正在进行获取EPG源  6/8 (75%)  剩余 2
2026-09-10T08:05:26+00:00 INFO    [run=fc23093d14f04170adf11861962c130f phase=fetch event=epg.source_parsed] EPG 源解析完成：https://gitee.com/taksssss/tv/raw/main/epg/51zmte1.xml.gz，保留节目 7186 条
2026-09-10T08:05:26+00:00 INFO    [run=fc23093d14f04170adf11861962c130f phase=fetch event=progress.updated] 正在进行获取EPG源  7/8 (87%)  剩余 1
2026-09-10T08:05:27+00:00 INFO    [run=fc23093d14f04170adf11861962c130f phase=fetch event=epg.source_parsed] EPG 源解析完成：https://gitee.com/taksssss/tv/raw/main/epg/51zmte2.xml.gz，保留节目 3602 条
2026-09-10T08:05:27+00:00 INFO    [run=fc23093d14f04170adf11861962c130f phase=fetch event=progress.updated] 正在进行获取EPG源  8/8 (100%)  剩余 0
2026-09-10T08:05:27+00:00 INFO    [run=fc23093d14f04170adf11861962c130f phase=fetch event=sources.epg.finished] EPG源: ✅ 有效地址数量：8，⛔ 停用地址数量：0
2026-09-10T08:05:27+00:00 INFO    [run=fc23093d14f04170adf11861962c130f phase=fetch event=progress.finished] 正在进行获取EPG源  8/8  匹配 254 个频道
2026-09-10T08:08:20+00:00 INFO    [run=fc23093d14f04170adf11861962c130f phase=aggregate event=channels.aggregated] 频道数据聚合完成：593 个频道，27229 个接口（IPv4 24405 / IPv6 2824）
2026-09-10T08:08:21+00:00 INFO    [run=fc23093d14f04170adf11861962c130f phase=speed_test event=speed_test.planned] 总接口数量: 17825, 需要进行测速的接口数量: 15976
2026-09-10T08:08:21+00:00 INFO    [run=fc23093d14f04170adf11861962c130f phase=speed_test event=progress.started] 测速  0/15976
2026-09-10T08:08:24+00:00 INFO    [run=fc23093d14f04170adf11861962c130f phase=speed_test event=progress.updated] 测速  1/15976 (0%)  有效 1  失败 0  广州综合
2026-09-10T08:08:55+00:00 INFO    [run=fc23093d14f04170adf11861962c130f phase=speed_test event=progress.updated] 测速  34/15976 (0%)  有效 14  失败 20  广州竞赛
2026-09-10T08:09:27+00:00 INFO    [run=fc23093d14f04170adf11861962c130f phase=speed_test event=progress.updated] 测速  75/15976 (0%)  有效 19  失败 56  广州影视频道
2026-09-10T08:09:57+00:00 INFO    [run=fc23093d14f04170adf11861962c130f phase=speed_test event=progress.updated] 测速  145/15976 (0%)  有效 42  失败 103  广东民生
2026-09-10T08:10:28+00:00 INFO    [run=fc23093d14f04170adf11861962c130f phase=speed_test event=progress.updated] 测速  213/15976 (1%)  有效 54  失败 159  佛山综合
2026-09-10T08:10:59+00:00 INFO    [run=fc23093d14f04170adf11861962c130f phase=speed_test event=progress.updated] 测速  281/15976 (1%)  有效 61  失败 220  汕头经济
2026-09-10T08:11:29+00:00 INFO    [run=fc23093d14f04170adf11861962c130f phase=speed_test event=progress.updated] 测速  355/15976 (2%)  有效 71  失败 284  CCTV-01咪咕
2026-09-10T08:11:59+00:00 INFO    [run=fc23093d14f04170adf11861962c130f phase=speed_test event=progress.updated] 测速  438/15976 (2%)  有效 120  失败 318  CCTV-08咪咕
2026-09-10T08:12:30+00:00 INFO    [run=fc23093d14f04170adf11861962c130f phase=speed_test event=progress.updated] 测速  551/15976 (3%)  有效 190  失败 361  CCTV4欧洲咪咕
2026-09-10T08:13:00+00:00 INFO    [run=fc23093d14f04170adf11861962c130f phase=speed_test event=progress.updated] 测速  634/15976 (3%)  有效 202  失败 432  东方卫视咪咕
2026-09-10T08:13:30+00:00 INFO    [run=fc23093d14f04170adf11861962c130f phase=speed_test event=progress.updated] 测速  752/15976 (4%)  有效 273  失败 479  香港卫视
2026-09-10T08:14:00+00:00 INFO    [run=fc23093d14f04170adf11861962c130f phase=speed_test event=progress.updated] 测速  845/15976 (5%)  有效 312  失败 533  甘肃卫视
2026-09-10T08:14:30+00:00 INFO    [run=fc23093d14f04170adf11861962c130f phase=speed_test event=progress.updated] 测速  988/15976 (6%)  有效 421  失败 567  新疆卫视
2026-09-10T08:15:01+00:00 INFO    [run=fc23093d14f04170adf11861962c130f phase=speed_test event=progress.updated] 测速  1108/15976 (6%)  有效 434  失败 674  凤凰香港
2026-09-10T08:15:31+00:00 INFO    [run=fc23093d14f04170adf11861962c130f phase=speed_test event=progress.updated] 测速  1210/15976 (7%)  有效 456  失败 754  民视
2026-09-10T08:16:01+00:00 INFO    [run=fc23093d14f04170adf11861962c130f phase=speed_test event=progress.updated] 测速  1298/15976 (8%)  有效 475  失败 823  tvbs
2026-09-10T08:16:32+00:00 INFO    [run=fc23093d14f04170adf11861962c130f phase=speed_test event=progress.updated] 测速  1446/15976 (9%)  有效 497  失败 949  有线新闻
2026-09-10T08:17:03+00:00 INFO    [run=fc23093d14f04170adf11861962c130f phase=speed_test event=progress.updated] 测速  1562/15976 (9%)  有效 515  失败 1047  TVB星河
2026-09-10T08:17:33+00:00 INFO    [run=fc23093d14f04170adf11861962c130f phase=speed_test event=progress.updated] 测速  1700/15976 (10%)  有效 531  失败 1169  TVB Plus
2026-09-10T08:18:03+00:00 INFO    [run=fc23093d14f04170adf11861962c130f phase=speed_test event=progress.updated] 测速  1856/15976 (11%)  有效 542  失败 1314  RTHK 32
2026-09-10T08:18:34+00:00 INFO    [run=fc23093d14f04170adf11861962c130f phase=speed_test event=progress.updated] 测速  1934/15976 (12%)  有效 547  失败 1387  中天新聞台
2026-09-10T08:19:04+00:00 INFO    [run=fc23093d14f04170adf11861962c130f phase=speed_test event=progress.updated] 测速  2092/15976 (13%)  有效 566  失败 1526  Love Nature
2026-09-10T08:19:34+00:00 INFO    [run=fc23093d14f04170adf11861962c130f phase=speed_test event=progress.updated] 测速  2243/15976 (14%)  有效 591  失败 1652  非凡新闻台
2026-09-10T08:20:05+00:00 INFO    [run=fc23093d14f04170adf11861962c130f phase=speed_test event=progress.updated] 测速  2423/15976 (15%)  有效 605  失败 1818  浙江钱江
2026-09-10T08:20:36+00:00 INFO    [run=fc23093d14f04170adf11861962c130f phase=speed_test event=progress.updated] 测速  2486/15976 (15%)  有效 619  失败 1867  NBTV-1
2026-09-10T08:21:06+00:00 INFO    [run=fc23093d14f04170adf11861962c130f phase=speed_test event=progress.updated] 测速  2542/15976 (15%)  有效 636  失败 1906  诸暨新闻综合
2026-09-10T08:21:39+00:00 INFO    [run=fc23093d14f04170adf11861962c130f phase=speed_test event=progress.updated] 测速  2587/15976 (16%)  有效 641  失败 1946  绍兴新闻综合
2026-09-10T08:22:09+00:00 INFO    [run=fc23093d14f04170adf11861962c130f phase=speed_test event=progress.updated] 测速  2624/15976 (16%)  有效 643  失败 1981  庆元综合
2026-09-10T08:22:39+00:00 INFO    [run=fc23093d14f04170adf11861962c130f phase=speed_test event=progress.updated] 测速  2661/15976 (16%)  有效 644  失败 2017  上虞新商都
2026-09-10T08:23:11+00:00 INFO    [run=fc23093d14f04170adf11861962c130f phase=speed_test event=progress.updated] 测速  2719/15976 (17%)  有效 649  失败 2070  北京财经
2026-09-10T08:23:41+00:00 INFO    [run=fc23093d14f04170adf11861962c130f phase=speed_test event=progress.updated] 测速  2803/15976 (17%)  有效 669  失败 2134  东方影视
2026-09-10T08:24:12+00:00 INFO    [run=fc23093d14f04170adf11861962c130f phase=speed_test event=progress.updated] 测速  2882/15976 (18%)  有效 687  失败 2195  新闻综合
2026-09-10T08:24:42+00:00 INFO    [run=fc23093d14f04170adf11861962c130f phase=speed_test event=progress.updated] 测速  2960/15976 (18%)  有效 705  失败 2255  都市剧场
2026-09-10T08:25:12+00:00 INFO    [run=fc23093d14f04170adf11861962c130f phase=speed_test event=progress.updated] 测速  3040/15976 (19%)  有效 723  失败 2317  动作电影
2026-09-10T08:25:42+00:00 INFO    [run=fc23093d14f04170adf11861962c130f phase=speed_test event=progress.updated] 测速  3121/15976 (19%)  有效 729  失败 2392  经典电影
2026-09-10T08:26:12+00:00 INFO    [run=fc23093d14f04170adf11861962c130f phase=speed_test event=progress.updated] 测速  3258/15976 (20%)  有效 766  失败 2492  怀旧剧场
2026-09-10T08:26:43+00:00 INFO    [run=fc23093d14f04170adf11861962c130f phase=speed_test event=progress.updated] 测速  3345/15976 (20%)  有效 799  失败 2546  世界地理
2026-09-10T08:27:16+00:00 INFO    [run=fc23093d14f04170adf11861962c130f phase=speed_test event=progress.updated] 测速  3406/15976 (21%)  有效 807  失败 2599  咪咕直播9
2026-09-10T08:27:47+00:00 INFO    [run=fc23093d14f04170adf11861962c130f phase=speed_test event=progress.updated] 测速  3466/15976 (21%)  有效 812  失败 2654  劲爆体育
2026-09-10T08:28:17+00:00 INFO    [run=fc23093d14f04170adf11861962c130f phase=speed_test event=progress.updated] 测速  3530/15976 (22%)  有效 815  失败 2715  精品体育
2026-09-10T08:28:47+00:00 INFO    [run=fc23093d14f04170adf11861962c130f phase=speed_test event=progress.updated] 测速  3599/15976 (22%)  有效 825  失败 2774  安徽综艺体育
2026-09-10T08:29:17+00:00 INFO    [run=fc23093d14f04170adf11861962c130f phase=speed_test event=progress.updated] 测速  3662/15976 (22%)  有效 836  失败 2826  快乐垂钓
2026-09-10T08:29:48+00:00 INFO    [run=fc23093d14f04170adf11861962c130f phase=speed_test event=progress.updated] 测速  3728/15976 (23%)  有效 838  失败 2890  少儿动画
2026-09-10T08:30:18+00:00 INFO    [run=fc23093d14f04170adf11861962c130f phase=speed_test event=progress.updated] 测速  3794/15976 (23%)  有效 845  失败 2949  优漫卡通
2026-09-10T08:30:49+00:00 INFO    [run=fc23093d14f04170adf11861962c130f phase=speed_test event=progress.updated] 测速  3869/15976 (24%)  有效 859  失败 3010  西游记
2026-09-10T08:31:02+00:00 INFO    [run=fc23093d14f04170adf11861962c130f phase=speed_test event=speed_test.artifacts_written] 测速明细已写入 output/log/speed_test.log，有效结果已写入 output/log/result.log
2026-09-10T08:31:02+00:00 INFO    [run=fc23093d14f04170adf11861962c130f phase=speed_test event=progress.finished] 测速  15976/15976  有效 867  失败 3027
2026-09-10T08:31:02+00:00 INFO    [run=fc23093d14f04170adf11861962c130f phase=output event=output.written] 结果文件生成完成：更新 3 个文件
2026-09-10T08:31:04+00:00 INFO    [run=fc23093d14f04170adf11861962c130f phase=statistics event=statistics.finished] 频道统计完成：测试 3894，有效 867
2026-09-10T08:31:04+00:00 INFO    [run=fc23093d14f04170adf11861962c130f phase=complete event=run.summary] 更新摘要
2026-09-10T08:31:04+00:00 INFO    [run=fc23093d14f04170adf11861962c130f phase=complete event=run.finished] 更新完成！总耗时：26:05
