分类: 🍄┃广东频道, 名称: 广州综合, 有效: 12, IPv4: 12, IPv6: 0, 最小延迟: 216 ms, 最高速率: 2.23 MiB/s, 平均速率: 0.93 MiB/s, 最高分辨率: 1280x720, 平均帧率: 25.0, 视频编解码器: h264, 音频编解码器: aac
分类: 🍄┃广东频道, 名称: 广州新闻, 有效: 9, IPv4: 9, IPv6: 0, 最小延迟: 227 ms, 最高速率: 2.16 MiB/s, 平均速率: 1.34 MiB/s, 最高分辨率: 1280x720, 平均帧率: 未知, 视频编解码器: 未知, 音频编解码器: 未知
分类: 🍄┃广东频道, 名称: 广州竞赛, 有效: 0, IPv4: 10, IPv6: 0, 最小延迟: — ms, 最高速率: 0.00 MiB/s, 平均速率: 0.00 MiB/s, 最高分辨率: —, 平均帧率: 未知, 视频编解码器: 未知, 音频编解码器: 未知
分类: 🍄┃广东频道, 名称: 广州法治, 有效: 0, IPv4: 14, IPv6: 0, 最小延迟: 383 ms, 最高速率: 0.00 MiB/s, 平均速率: 0.00 MiB/s, 最高分辨率: —, 平均帧率: 未知, 视频编解码器: 未知, 音频编解码器: 未知
分类: 🍄┃广东频道, 名称: 南国都市, 有效: 6, IPv4: 15, IPv6: 0, 最小延迟: 224 ms, 最高速率: 1.98 MiB/s, 平均速率: 0.87 MiB/s, 最高分辨率: 1920x1080, 平均帧率: 50.0, 视频编解码器: h264, 音频编解码器: aac
分类: 🍄┃广东频道, 名称: 广州影视频道, 有效: 0, IPv4: 13, IPv6: 0, 最小延迟: 297 ms, 最高速率: 0.19 MiB/s, 平均速率: 0.00 MiB/s, 最高分辨率: —, 平均帧率: 未知, 视频编解码器: 未知, 音频编解码器: 未知
分类: 🍄┃广东频道, 名称: 广州南国都市频道, 有效: 6, IPv4: 7, IPv6: 0, 最小延迟: 229 ms, 最高速率: 2.38 MiB/s, 平均速率: 0.92 MiB/s, 最高分辨率: 1920x1080, 平均帧率: 50.0, 视频编解码器: h264, 音频编解码器: aac
分类: 🍄┃广东频道, 名称: 广东珠江, 有效: 6, IPv4: 7, IPv6: 0, 最小延迟: 51 ms, 最高速率: 19.27 MiB/s, 平均速率: 10.55 MiB/s, 最高分辨率: 1920x1080, 平均帧率: 未知, 视频编解码器: 未知, 音频编解码器: 未知
分类: 🍄┃广东频道, 名称: 广东新闻, 有效: 6, IPv4: 7, IPv6: 0, 最小延迟: 51 ms, 最高速率: 20.29 MiB/s, 平均速率: 10.47 MiB/s, 最高分辨率: 1280x720, 平均帧率: 25.0, 视频编解码器: h264, 音频编解码器: aac
分类: 🍄┃广东频道, 名称: 广东卫视, 有效: 7, IPv4: 9, IPv6: 0, 最小延迟: 51 ms, 最高速率: 31.13 MiB/s, 平均速率: 18.94 MiB/s, 最高分辨率: 1920x1080, 平均帧率: 未知, 视频编解码器: 未知, 音频编解码器: 未知
分类: 🍄┃广东频道, 名称: 广东民生, 有效: 7, IPv4: 11, IPv6: 0, 最小延迟: 55 ms, 最高速率: 2.85 MiB/s, 平均速率: 1.91 MiB/s, 最高分辨率: 1920x1080, 平均帧率: 25.0, 视频编解码器: h264, 音频编解码器: mp2
分类: 🍄┃广东频道, 名称: 大湾区卫视, 有效: 7, IPv4: 9, IPv6: 0, 最小延迟: 49 ms, 最高速率: 27.65 MiB/s, 平均速率: 7.90 MiB/s, 最高分辨率: 1920x1080, 平均帧率: 25.0, 视频编解码器: h264, 音频编解码器: aac
分类: 🍄┃广东频道, 名称: 广东体育, 有效: 6, IPv4: 9, IPv6: 0, 最小延迟: 51 ms, 最高速率: 6.89 MiB/s, 平均速率: 3.33 MiB/s, 最高分辨率: 1280x720, 平均帧率: 25.0, 视频编解码器: h264, 音频编解码器: mp2
分类: 🍄┃广东频道, 名称: 江门综合, 有效: 1, IPv4: 5, IPv6: 0, 最小延迟: 376 ms, 最高速率: 0.53 MiB/s, 平均速率: 0.53 MiB/s, 最高分辨率: 1920x1080, 平均帧率: 未知, 视频编解码器: h264, 音频编解码器: mp2
分类: 🍄┃广东频道, 名称: 江门侨乡生活, 有效: 0, IPv4: 4, IPv6: 0, 最小延迟: 377 ms, 最高速率: 0.00 MiB/s, 平均速率: 0.00 MiB/s, 最高分辨率: —, 平均帧率: 未知, 视频编解码器: 未知, 音频编解码器: 未知
分类: 🍄┃广东频道, 名称: 佛山综合, 有效: 1, IPv4: 8, IPv6: 0, 最小延迟: 380 ms, 最高速率: 0.55 MiB/s, 平均速率: 0.55 MiB/s, 最高分辨率: —, 平均帧率: 25.0, 视频编解码器: h264, 音频编解码器: mp2
分类: 🍄┃广东频道, 名称: 深圳卫视, 有效: 6, IPv4: 7, IPv6: 0, 最小延迟: 50 ms, 最高速率: 58.42 MiB/s, 平均速率: 36.92 MiB/s, 最高分辨率: 1920x1080, 平均帧率: 未知, 视频编解码器: 未知, 音频编解码器: 未知
分类: 🍄┃广东频道, 名称: 汕头综合, 有效: 2, IPv4: 24, IPv6: 0, 最小延迟: 297 ms, 最高速率: 0.58 MiB/s, 平均速率: 0.56 MiB/s, 最高分辨率: 1920x1080, 平均帧率: 25.0, 视频编解码器: h264, 音频编解码器: mp2
分类: 🍄┃广东频道, 名称: 汕头经济, 有效: 1, IPv4: 8, IPv6: 0, 最小延迟: 304 ms, 最高速率: 0.58 MiB/s, 平均速率: 0.58 MiB/s, 最高分辨率: 1920x1080, 平均帧率: 25.0, 视频编解码器: h264, 音频编解码器: mp2
分类: 🍄┃广东频道, 名称: 茂名综合, 有效: 1, IPv4: 8, IPv6: 0, 最小延迟: 374 ms, 最高速率: 0.53 MiB/s, 平均速率: 0.53 MiB/s, 最高分辨率: 1920x1080, 平均帧率: 25.0, 视频编解码器: h264, 音频编解码器: mp2
分类: 🍄┃广东频道, 名称: 纪实人文, 有效: 0, IPv4: 11, IPv6: 0, 最小延迟: 379 ms, 最高速率: 0.00 MiB/s, 平均速率: 0.00 MiB/s, 最高分辨率: —, 平均帧率: 未知, 视频编解码器: 未知, 音频编解码器: 未知
分类: 🍄┃广东频道, 名称: 茂名公共, 有效: 0, IPv4: 1, IPv6: 0, 最小延迟: 382 ms, 最高速率: 0.00 MiB/s, 平均速率: 0.00 MiB/s, 最高分辨率: —, 平均帧率: 未知, 视频编解码器: 未知, 音频编解码器: 未知
分类: 🍄┃广东频道, 名称: 纪实科教, 有效: 0, IPv4: 4, IPv6: 0, 最小延迟: — ms, 最高速率: 0.00 MiB/s, 平均速率: 0.00 MiB/s, 最高分辨率: —, 平均帧率: 未知, 视频编解码器: 未知, 音频编解码器: 未知
分类: 🍄┃广东频道, 名称: 金鹰纪实, 有效: 6, IPv4: 6, IPv6: 0, 最小延迟: 55 ms, 最高速率: 55.98 MiB/s, 平均速率: 44.49 MiB/s, 最高分辨率: 1920x1080, 平均帧率: 未知, 视频编解码器: 未知, 音频编解码器: 未知
分类: 🍄┃广东频道, 名称: 超级综艺, 有效: 0, IPv4: 8, IPv6: 0, 最小延迟: — ms, 最高速率: 0.00 MiB/s, 平均速率: 0.00 MiB/s, 最高分辨率: —, 平均帧率: 未知, 视频编解码器: 未知, 音频编解码器: 未知
分类: 🍉┃咪咕频道, 名称: CCTV-01咪咕, 有效: 5, IPv4: 5, IPv6: 0, 最小延迟: 48 ms, 最高速率: 60.90 MiB/s, 平均速率: 31.41 MiB/s, 最高分辨率: 1920x1080, 平均帧率: 未知, 视频编解码器: 未知, 音频编解码器: 未知
分类: 🍉┃咪咕频道, 名称: CCTV-02咪咕, 有效: 5, IPv4: 15, IPv6: 0, 最小延迟: 49 ms, 最高速率: 44.46 MiB/s, 平均速率: 18.18 MiB/s, 最高分辨率: 1920x1080, 平均帧率: 25.0, 视频编解码器: h264, 音频编解码器: aac
分类: 🍉┃咪咕频道, 名称: CCTV-03咪咕, 有效: 7, IPv4: 23, IPv6: 0, 最小延迟: 52 ms, 最高速率: 54.19 MiB/s, 平均速率: 32.41 MiB/s, 最高分辨率: 1920x1080, 平均帧率: 28.33, 视频编解码器: h264, 音频编解码器: aac
分类: 🍉┃咪咕频道, 名称: CCTV-04咪咕, 有效: 5, IPv4: 17, IPv6: 0, 最小延迟: 74 ms, 最高速率: 35.72 MiB/s, 平均速率: 8.73 MiB/s, 最高分辨率: 1920x1080, 平均帧率: 25.0, 视频编解码器: h264, 音频编解码器: aac
分类: 🍉┃咪咕频道, 名称: CCTV-05咪咕, 有效: 6, IPv4: 7, IPv6: 0, 最小延迟: 52 ms, 最高速率: 49.78 MiB/s, 平均速率: 28.60 MiB/s, 最高分辨率: 1920x1080, 平均帧率: 未知, 视频编解码器: 未知, 音频编解码器: 未知
分类: 🍉┃咪咕频道, 名称: CCTV-06咪咕, 有效: 6, IPv4: 7, IPv6: 0, 最小延迟: 75 ms, 最高速率: 41.32 MiB/s, 平均速率: 20.74 MiB/s, 最高分辨率: 1920x1080, 平均帧率: 未知, 视频编解码器: 未知, 音频编解码器: 未知
分类: 🍉┃咪咕频道, 名称: CCTV-07咪咕, 有效: 6, IPv4: 21, IPv6: 0, 最小延迟: 52 ms, 最高速率: 58.83 MiB/s, 平均速率: 35.20 MiB/s, 最高分辨率: 1920x1080, 平均帧率: 29.0, 视频编解码器: h264, 音频编解码器: aac
分类: 🍉┃咪咕频道, 名称: CCTV-08咪咕, 有效: 6, IPv4: 7, IPv6: 0, 最小延迟: 50 ms, 最高速率: 56.37 MiB/s, 平均速率: 32.90 MiB/s, 最高分辨率: 1920x1080, 平均帧率: 未知, 视频编解码器: 未知, 音频编解码器: 未知
分类: 🍉┃咪咕频道, 名称: CCTV-09咪咕, 有效: 5, IPv4: 9, IPv6: 0, 最小延迟: 63 ms, 最高速率: 48.94 MiB/s, 平均速率: 21.01 MiB/s, 最高分辨率: 1920x1080, 平均帧率: 未知, 视频编解码器: 未知, 音频编解码器: 未知
分类: 🍉┃咪咕频道, 名称: CCTV-10咪咕, 有效: 6, IPv4: 7, IPv6: 0, 最小延迟: 50 ms, 最高速率: 50.31 MiB/s, 平均速率: 20.25 MiB/s, 最高分辨率: 1920x1080, 平均帧率: 未知, 视频编解码器: 未知, 音频编解码器: 未知
分类: 🍉┃咪咕频道, 名称: CCTV-11咪咕, 有效: 5, IPv4: 18, IPv6: 0, 最小延迟: 58 ms, 最高速率: 39.06 MiB/s, 平均速率: 12.59 MiB/s, 最高分辨率: 1920x1080, 平均帧率: 40.0, 视频编解码器: h264, 音频编解码器: aac
分类: 🍉┃咪咕频道, 名称: CCTV-12咪咕, 有效: 6, IPv4: 7, IPv6: 0, 最小延迟: 50 ms, 最高速率: 61.58 MiB/s, 平均速率: 25.30 MiB/s, 最高分辨率: 1920x1080, 平均帧率: 未知, 视频编解码器: 未知, 音频编解码器: 未知
分类: 🍉┃咪咕频道, 名称: CCTV-13咪咕, 有效: 6, IPv4: 16, IPv6: 0, 最小延迟: 49 ms, 最高速率: 55.83 MiB/s, 平均速率: 26.18 MiB/s, 最高分辨率: 1920x1080, 平均帧率: 25.0, 视频编解码器: h264, 音频编解码器: aac
分类: 🍉┃咪咕频道, 名称: CCTV-14咪咕, 有效: 7, IPv4: 8, IPv6: 0, 最小延迟: 50 ms, 最高速率: 53.68 MiB/s, 平均速率: 27.86 MiB/s, 最高分辨率: 1920x1080, 平均帧率: 未知, 视频编解码器: 未知, 音频编解码器: 未知
分类: 🍉┃咪咕频道, 名称: CCTV-15咪咕, 有效: 7, IPv4: 7, IPv6: 0, 最小延迟: 42 ms, 最高速率: 72.30 MiB/s, 平均速率: 32.97 MiB/s, 最高分辨率: 1920x1080, 平均帧率: 未知, 视频编解码器: 未知, 音频编解码器: 未知
分类: 🍉┃咪咕频道, 名称: CCTV-16咪咕, 有效: 7, IPv4: 12, IPv6: 0, 最小延迟: 71 ms, 最高速率: 42.60 MiB/s, 平均速率: 19.68 MiB/s, 最高分辨率: 1920x1080, 平均帧率: 25.0, 视频编解码器: h264, 音频编解码器: aac
分类: 🍉┃咪咕频道, 名称: CCTV-17咪咕, 有效: 6, IPv4: 13, IPv6: 0, 最小延迟: 49 ms, 最高速率: 57.65 MiB/s, 平均速率: 26.85 MiB/s, 最高分辨率: 1920x1080, 平均帧率: 25.0, 视频编解码器: h264, 音频编解码器: aac
分类: 🍉┃咪咕频道, 名称: CCTV4欧洲咪咕, 有效: 1, IPv4: 23, IPv6: 0, 最小延迟: 287 ms, 最高速率: 0.48 MiB/s, 平均速率: 0.46 MiB/s, 最高分辨率: 1280x720, 平均帧率: 25.0, 视频编解码器: h264, 音频编解码器: mp2
分类: 🍉┃咪咕频道, 名称: CCTV4美洲咪咕, 有效: 1, IPv4: 24, IPv6: 0, 最小延迟: 122 ms, 最高速率: 0.49 MiB/s, 平均速率: 0.46 MiB/s, 最高分辨率: 1920x1080, 平均帧率: 未知, 视频编解码器: h264, 音频编解码器: mp2
分类: 🍉┃咪咕频道, 名称: CCTV-5+咪咕, 有效: 5, IPv4: 11, IPv6: 0, 最小延迟: 47 ms, 最高速率: 62.34 MiB/s, 平均速率: 42.07 MiB/s, 最高分辨率: 1920x1080, 平均帧率: 未知, 视频编解码器: 未知, 音频编解码器: 未知
分类: 🍉┃咪咕频道, 名称: 东方卫视咪咕, 有效: 5, IPv4: 10, IPv6: 0, 最小延迟: 49 ms, 最高速率: 61.18 MiB/s, 平均速率: 31.06 MiB/s, 最高分辨率: 1920x1080, 平均帧率: 未知, 视频编解码器: 未知, 音频编解码器: 未知
分类: 🍉┃咪咕频道, 名称: CGT法语咪咕, 有效: 1, IPv4: 1, IPv6: 0, 最小延迟: 99 ms, 最高速率: 4.78 MiB/s, 平均速率: 4.78 MiB/s, 最高分辨率: 1920x1080, 平均帧率: 未知, 视频编解码器: 未知, 音频编解码器: 未知
分类: 🍉┃咪咕频道, 名称: 江苏卫视咪咕, 有效: 6, IPv4: 7, IPv6: 0, 最小延迟: 60 ms, 最高速率: 51.59 MiB/s, 平均速率: 18.09 MiB/s, 最高分辨率: 1920x1080, 平均帧率: 未知, 视频编解码器: 未知, 音频编解码器: 未知
分类: 🍉┃咪咕频道, 名称: 陕西卫视咪咕, 有效: 5, IPv4: 8, IPv6: 0, 最小延迟: 69 ms, 最高速率: 41.84 MiB/s, 平均速率: 33.32 MiB/s, 最高分辨率: 1920x1080, 平均帧率: 25.0, 视频编解码器: h264, 音频编解码器: aac
分类: 🍉┃咪咕频道, 名称: 湖北卫视咪咕, 有效: 5, IPv4: 6, IPv6: 0, 最小延迟: 45 ms, 最高速率: 65.73 MiB/s, 平均速率: 53.84 MiB/s, 最高分辨率: 1920x1080, 平均帧率: 未知, 视频编解码器: 未知, 音频编解码器: 未知
分类: 🍉┃咪咕频道, 名称: 江西卫视咪咕, 有效: 5, IPv4: 7, IPv6: 0, 最小延迟: 53 ms, 最高速率: 55.24 MiB/s, 平均速率: 40.78 MiB/s, 最高分辨率: 1920x1080, 平均帧率: 未知, 视频编解码器: 未知, 音频编解码器: 未知
分类: 🍉┃咪咕频道, 名称: 海南卫视咪咕, 有效: 6, IPv4: 7, IPv6: 0, 最小延迟: 51 ms, 最高速率: 60.95 MiB/s, 平均速率: 43.39 MiB/s, 最高分辨率: 1920x1080, 平均帧率: 未知, 视频编解码器: 未知, 音频编解码器: 未知
分类: 🍓┃央视频道, 名称: CETV-1, 有效: 6, IPv4: 7, IPv6: 0, 最小延迟: 52 ms, 最高速率: 60.31 MiB/s, 平均速率: 35.43 MiB/s, 最高分辨率: 1920x1080, 平均帧率: 未知, 视频编解码器: 未知, 音频编解码器: 未知
分类: 🍓┃央视频道, 名称: CETV-2, 有效: 7, IPv4: 9, IPv6: 0, 最小延迟: 50 ms, 最高速率: 58.26 MiB/s, 平均速率: 41.27 MiB/s, 最高分辨率: 1920x1080, 平均帧率: 未知, 视频编解码器: 未知, 音频编解码器: 未知
分类: 🍓┃央视频道, 名称: CETV-3, 有效: 1, IPv4: 11, IPv6: 0, 最小延迟: 14 ms, 最高速率: 13.93 MiB/s, 平均速率: 1.62 MiB/s, 最高分辨率: 1280x720, 平均帧率: 25.83, 视频编解码器: h264, 音频编解码器: aac
分类: 🍓┃央视频道, 名称: CETV-4, 有效: 5, IPv4: 11, IPv6: 0, 最小延迟: 55 ms, 最高速率: 55.01 MiB/s, 平均速率: 37.61 MiB/s, 最高分辨率: 1920x1080, 平均帧率: 未知, 视频编解码器: 未知, 音频编解码器: 未知
分类: 🐧┃卫视频道, 名称: 浙江卫视, 有效: 5, IPv4: 7, IPv6: 0, 最小延迟: 70 ms, 最高速率: 46.42 MiB/s, 平均速率: 30.93 MiB/s, 最高分辨率: 1920x1080, 平均帧率: 未知, 视频编解码器: 未知, 音频编解码器: 未知
分类: 🐧┃卫视频道, 名称: 湖南卫视, 有效: 6, IPv4: 6, IPv6: 0, 最小延迟: 43 ms, 最高速率: 67.55 MiB/s, 平均速率: 46.29 MiB/s, 最高分辨率: 1920x1080, 平均帧率: 未知, 视频编解码器: 未知, 音频编解码器: 未知
分类: 🐧┃卫视频道, 名称: 香港卫视, 有效: 0, IPv4: 10, IPv6: 0, 最小延迟: 227 ms, 最高速率: 0.09 MiB/s, 平均速率: 0.00 MiB/s, 最高分辨率: 1280x720, 平均帧率: 未知, 视频编解码器: 未知, 音频编解码器: 未知
分类: 🐧┃卫视频道, 名称: 北京卫视, 有效: 6, IPv4: 7, IPv6: 0, 最小延迟: 44 ms, 最高速率: 65.11 MiB/s, 平均速率: 39.47 MiB/s, 最高分辨率: 1920x1080, 平均帧率: 未知, 视频编解码器: 未知, 音频编解码器: 未知
分类: 🐧┃卫视频道, 名称: 黑龙江卫视, 有效: 6, IPv4: 7, IPv6: 0, 最小延迟: 53 ms, 最高速率: 54.32 MiB/s, 平均速率: 40.10 MiB/s, 最高分辨率: 1920x1080, 平均帧率: 未知, 视频编解码器: 未知, 音频编解码器: 未知
分类: 🐧┃卫视频道, 名称: 安徽卫视, 有效: 5, IPv4: 8, IPv6: 0, 最小延迟: 61 ms, 最高速率: 50.21 MiB/s, 平均速率: 41.42 MiB/s, 最高分辨率: 1920x1080, 平均帧率: 未知, 视频编解码器: 未知, 音频编解码器: 未知
分类: 🐧┃卫视频道, 名称: 重庆卫视, 有效: 6, IPv4: 8, IPv6: 0, 最小延迟: 70 ms, 最高速率: 46.14 MiB/s, 平均速率: 23.17 MiB/s, 最高分辨率: 1920x1080, 平均帧率: 未知, 视频编解码器: 未知, 音频编解码器: 未知
分类: 🐧┃卫视频道, 名称: 东南卫视, 有效: 6, IPv4: 7, IPv6: 0, 最小延迟: 50 ms, 最高速率: 59.93 MiB/s, 平均速率: 42.33 MiB/s, 最高分辨率: 1920x1080, 平均帧率: 未知, 视频编解码器: 未知, 音频编解码器: 未知
分类: 🐧┃卫视频道, 名称: 甘肃卫视, 有效: 6, IPv4: 10, IPv6: 0, 最小延迟: 49 ms, 最高速率: 62.27 MiB/s, 平均速率: 23.41 MiB/s, 最高分辨率: 1920x1080, 平均帧率: 25.0, 视频编解码器: h264, 音频编解码器: aac
分类: 🐧┃卫视频道, 名称: 广西卫视, 有效: 6, IPv4: 8, IPv6: 0, 最小延迟: 48 ms, 最高速率: 59.76 MiB/s, 平均速率: 44.38 MiB/s, 最高分辨率: 1920x1080, 平均帧率: 未知, 视频编解码器: 未知, 音频编解码器: 未知
分类: 🐧┃卫视频道, 名称: 贵州卫视, 有效: 6, IPv4: 7, IPv6: 0, 最小延迟: 46 ms, 最高速率: 61.48 MiB/s, 平均速率: 38.45 MiB/s, 最高分辨率: 1920x1080, 平均帧率: 未知, 视频编解码器: 未知, 音频编解码器: 未知
分类: 🐧┃卫视频道, 名称: 河北卫视, 有效: 6, IPv4: 7, IPv6: 0, 最小延迟: 51 ms, 最高速率: 59.50 MiB/s, 平均速率: 41.49 MiB/s, 最高分辨率: 1920x1080, 平均帧率: 未知, 视频编解码器: 未知, 音频编解码器: 未知
分类: 🐧┃卫视频道, 名称: 河南卫视, 有效: 6, IPv4: 6, IPv6: 0, 最小延迟: 45 ms, 最高速率: 64.02 MiB/s, 平均速率: 52.12 MiB/s, 最高分辨率: 1920x1080, 平均帧率: 未知, 视频编解码器: 未知, 音频编解码器: 未知
分类: 🐧┃卫视频道, 名称: 吉林卫视, 有效: 6, IPv4: 7, IPv6: 0, 最小延迟: 54 ms, 最高速率: 57.01 MiB/s, 平均速率: 25.95 MiB/s, 最高分辨率: 1920x1080, 平均帧率: 未知, 视频编解码器: 未知, 音频编解码器: 未知
分类: 🐧┃卫视频道, 名称: 辽宁卫视, 有效: 6, IPv4: 6, IPv6: 0, 最小延迟: 43 ms, 最高速率: 65.20 MiB/s, 平均速率: 39.95 MiB/s, 最高分辨率: 1920x1080, 平均帧率: 未知, 视频编解码器: 未知, 音频编解码器: 未知
分类: 🐧┃卫视频道, 名称: 内蒙古卫视, 有效: 6, IPv4: 7, IPv6: 0, 最小延迟: 64 ms, 最高速率: 46.20 MiB/s, 平均速率: 33.02 MiB/s, 最高分辨率: 1920x1080, 平均帧率: 未知, 视频编解码器: 未知, 音频编解码器: 未知
分类: 🐧┃卫视频道, 名称: 宁夏卫视, 有效: 6, IPv4: 6, IPv6: 0, 最小延迟: 67 ms, 最高速率: 46.32 MiB/s, 平均速率: 32.66 MiB/s, 最高分辨率: 1920x1080, 平均帧率: 未知, 视频编解码器: 未知, 音频编解码器: 未知
分类: 🐧┃卫视频道, 名称: 青海卫视, 有效: 6, IPv4: 7, IPv6: 0, 最小延迟: 55 ms, 最高速率: 53.04 MiB/s, 平均速率: 40.29 MiB/s, 最高分辨率: 1920x1080, 平均帧率: 未知, 视频编解码器: 未知, 音频编解码器: 未知
分类: 🐧┃卫视频道, 名称: 山东卫视, 有效: 5, IPv4: 7, IPv6: 0, 最小延迟: 57 ms, 最高速率: 49.11 MiB/s, 平均速率: 43.82 MiB/s, 最高分辨率: 1920x1080, 平均帧率: 未知, 视频编解码器: 未知, 音频编解码器: 未知
分类: 🐧┃卫视频道, 名称: 山西卫视, 有效: 6, IPv4: 7, IPv6: 0, 最小延迟: 47 ms, 最高速率: 62.96 MiB/s, 平均速率: 47.91 MiB/s, 最高分辨率: 1920x1080, 平均帧率: 未知, 视频编解码器: 未知, 音频编解码器: 未知
分类: 🐧┃卫视频道, 名称: 四川卫视, 有效: 5, IPv4: 9, IPv6: 0, 最小延迟: 53 ms, 最高速率: 53.35 MiB/s, 平均速率: 39.26 MiB/s, 最高分辨率: 1920x1080, 平均帧率: 未知, 视频编解码器: 未知, 音频编解码器: 未知
分类: 🐧┃卫视频道, 名称: 三沙卫视, 有效: 6, IPv4: 7, IPv6: 0, 最小延迟: 49 ms, 最高速率: 61.76 MiB/s, 平均速率: 50.36 MiB/s, 最高分辨率: 1920x1080, 平均帧率: 25.0, 视频编解码器: h264, 音频编解码器: mp2
分类: 🐧┃卫视频道, 名称: 天津卫视, 有效: 6, IPv4: 16, IPv6: 0, 最小延迟: 51 ms, 最高速率: 57.96 MiB/s, 平均速率: 43.60 MiB/s, 最高分辨率: 1920x1080, 平均帧率: 27.5, 视频编解码器: h264, 音频编解码器: aac
分类: 🐧┃卫视频道, 名称: 西藏卫视, 有效: 6, IPv4: 6, IPv6: 0, 最小延迟: 50 ms, 最高速率: 58.26 MiB/s, 平均速率: 49.38 MiB/s, 最高分辨率: 1920x1080, 平均帧率: 未知, 视频编解码器: 未知, 音频编解码器: 未知
分类: 🐧┃卫视频道, 名称: 新疆卫视, 有效: 5, IPv4: 10, IPv6: 0, 最小延迟: 52 ms, 最高速率: 58.05 MiB/s, 平均速率: 39.53 MiB/s, 最高分辨率: 1920x1080, 平均帧率: 37.5, 视频编解码器: h264, 音频编解码器: aac
分类: 🐧┃卫视频道, 名称: 云南卫视, 有效: 6, IPv4: 6, IPv6: 0, 最小延迟: 51 ms, 最高速率: 55.57 MiB/s, 平均速率: 32.98 MiB/s, 最高分辨率: 1920x1080, 平均帧率: 未知, 视频编解码器: 未知, 音频编解码器: 未知
分类: 🚂┃湾区频道, 名称: 翡翠台, 有效: 2, IPv4: 56, IPv6: 0, 最小延迟: 127 ms, 最高速率: 0.99 MiB/s, 平均速率: 0.87 MiB/s, 最高分辨率: 1920x1080, 平均帧率: 34.29, 视频编解码器: h264, 音频编解码器: aac
分类: 🚂┃湾区频道, 名称: 翡翠台 backup, 有效: 0, IPv4: 2, IPv6: 0, 最小延迟: — ms, 最高速率: 0.00 MiB/s, 平均速率: 0.00 MiB/s, 最高分辨率: —, 平均帧率: 未知, 视频编解码器: 未知, 音频编解码器: 未知
分类: 🚂┃湾区频道, 名称: iNews 新闻台, 有效: 0, IPv4: 1, IPv6: 0, 最小延迟: — ms, 最高速率: 0.00 MiB/s, 平均速率: 0.00 MiB/s, 最高分辨率: —, 平均帧率: 未知, 视频编解码器: 未知, 音频编解码器: 未知
分类: 🚂┃湾区频道, 名称: J 2, 有效: 0, IPv4: 4, IPv6: 0, 最小延迟: 436 ms, 最高速率: 0.28 MiB/s, 平均速率: 0.00 MiB/s, 最高分辨率: 1920x1080, 平均帧率: 25.0, 视频编解码器: h264, 音频编解码器: ac3
分类: 🚂┃湾区频道, 名称: 珍珠台, 有效: 0, IPv4: 1, IPv6: 0, 最小延迟: — ms, 最高速率: 0.00 MiB/s, 平均速率: 0.00 MiB/s, 最高分辨率: —, 平均帧率: 未知, 视频编解码器: 未知, 音频编解码器: 未知
分类: 🚂┃湾区频道, 名称: 凤凰香港, 有效: 4, IPv4: 31, IPv6: 0, 最小延迟: 76 ms, 最高速率: 2.85 MiB/s, 平均速率: 1.59 MiB/s, 最高分辨率: 1920x1080, 平均帧率: 28.33, 视频编解码器: h264, 音频编解码器: aac
分类: 🚂┃湾区频道, 名称: HOY资讯台, 有效: 0, IPv4: 5, IPv6: 0, 最小延迟: — ms, 最高速率: 0.00 MiB/s, 平均速率: 0.00 MiB/s, 最高分辨率: —, 平均帧率: 未知, 视频编解码器: 未知, 音频编解码器: 未知
分类: 🚂┃湾区频道, 名称: RHK 31, 有效: 0, IPv4: 2, IPv6: 0, 最小延迟: — ms, 最高速率: 0.00 MiB/s, 平均速率: 0.00 MiB/s, 最高分辨率: —, 平均帧率: 未知, 视频编解码器: 未知, 音频编解码器: 未知
分类: 🚂┃湾区频道, 名称: VIUTV1, 有效: 1, IPv4: 17, IPv6: 0, 最小延迟: 300 ms, 最高速率: 0.65 MiB/s, 平均速率: 0.65 MiB/s, 最高分辨率: 1920x1080, 平均帧率: 26.67, 视频编解码器: h264, 音频编解码器: ac3
分类: 🚂┃湾区频道, 名称: RHK 32, 有效: 0, IPv4: 2, IPv6: 0, 最小延迟: — ms, 最高速率: 0.00 MiB/s, 平均速率: 0.00 MiB/s, 最高分辨率: —, 平均帧率: 未知, 视频编解码器: 未知, 音频编解码器: 未知
分类: 🚂┃湾区频道, 名称: 凤凰卫视, 有效: 6, IPv4: 10, IPv6: 0, 最小延迟: 56 ms, 最高速率: 54.03 MiB/s, 平均速率: 24.69 MiB/s, 最高分辨率: 1920x1080, 平均帧率: 未知, 视频编解码器: 未知, 音频编解码器: 未知
分类: 🚂┃湾区频道, 名称: 凤凰资讯, 有效: 6, IPv4: 11, IPv6: 0, 最小延迟: 51 ms, 最高速率: 55.08 MiB/s, 平均速率: 25.18 MiB/s, 最高分辨率: 1920x1080, 平均帧率: 25.0, 视频编解码器: h264, 音频编解码器: aac
分类: 🚂┃湾区频道, 名称: Viu6, 有效: 0, IPv4: 2, IPv6: 0, 最小延迟: — ms, 最高速率: 0.00 MiB/s, 平均速率: 0.00 MiB/s, 最高分辨率: —, 平均帧率: 未知, 视频编解码器: 未知, 音频编解码器: 未知
分类: 🚂┃湾区频道, 名称: 公视, 有效: 0, IPv4: 16, IPv6: 0, 最小延迟: 220 ms, 最高速率: 0.33 MiB/s, 平均速率: 0.00 MiB/s, 最高分辨率: 1920x1080, 平均帧率: 29.99, 视频编解码器: hevc, 音频编解码器: aac
分类: 🚂┃湾区频道, 名称: 民视, 有效: 3, IPv4: 22, IPv6: 0, 最小延迟: 20 ms, 最高速率: 3.11 MiB/s, 平均速率: 1.55 MiB/s, 最高分辨率: 1920x1080, 平均帧率: 29.99, 视频编解码器: h264, 音频编解码器: aac
分类: 🚂┃湾区频道, 名称: 中视, 有效: 2, IPv4: 22, IPv6: 0, 最小延迟: 221 ms, 最高速率: 0.81 MiB/s, 平均速率: 0.64 MiB/s, 最高分辨率: 1920x1080, 平均帧率: 29.99, 视频编解码器: hevc, 音频编解码器: aac
分类: 🚂┃湾区频道, 名称: 华视, 有效: 1, IPv4: 24, IPv6: 0, 最小延迟: 221 ms, 最高速率: 0.67 MiB/s, 平均速率: 0.67 MiB/s, 最高分辨率: 1920x1080, 平均帧率: 29.99, 视频编解码器: hevc, 音频编解码器: aac
分类: 🚂┃湾区频道, 名称: 台视, 有效: 4, IPv4: 24, IPv6: 0, 最小延迟: 64 ms, 最高速率: 3.43 MiB/s, 平均速率: 1.17 MiB/s, 最高分辨率: 1920x1080, 平均帧率: 27.5, 视频编解码器: h264, 音频编解码器: aac
分类: 🚂┃湾区频道, 名称: tvbs, 有效: 3, IPv4: 19, IPv6: 0, 最小延迟: 19 ms, 最高速率: 8.08 MiB/s, 平均速率: 3.02 MiB/s, 最高分辨率: 1920x1080, 平均帧率: 29.99, 视频编解码器: h264, 音频编解码器: aac
分类: 🚂┃湾区频道, 名称: 寰宇, 有效: 0, IPv4: 1, IPv6: 0, 最小延迟: — ms, 最高速率: 0.00 MiB/s, 平均速率: 0.00 MiB/s, 最高分辨率: —, 平均帧率: 未知, 视频编解码器: 未知, 音频编解码器: 未知
分类: 🚂┃湾区频道, 名称: tvN, 有效: 3, IPv4: 17, IPv6: 0, 最小延迟: 103 ms, 最高速率: 3.34 MiB/s, 平均速率: 1.94 MiB/s, 最高分辨率: 1920x1080, 平均帧率: 28.99, 视频编解码器: h264, 音频编解码器: aac
分类: 🚂┃湾区频道, 名称: PopC, 有效: 1, IPv4: 14, IPv6: 0, 最小延迟: 71 ms, 最高速率: 6.08 MiB/s, 平均速率: 6.08 MiB/s, 最高分辨率: 1920x1080, 平均帧率: 未知, 视频编解码器: 未知, 音频编解码器: 未知
分类: 🚂┃湾区频道, 名称: 明珠台, 有效: 0, IPv4: 19, IPv6: 0, 最小延迟: 124 ms, 最高速率: 0.76 MiB/s, 平均速率: 0.00 MiB/s, 最高分辨率: 840x480, 平均帧率: 30.0, 视频编解码器: h264, 音频编解码器: aac
分类: 🚂┃湾区频道, 名称: 娛樂新聞台(HK), 有效: 0, IPv4: 15, IPv6: 0, 最小延迟: 298 ms, 最高速率: 0.00 MiB/s, 平均速率: 0.00 MiB/s, 最高分辨率: —, 平均帧率: 未知, 视频编解码器: 未知, 音频编解码器: 未知
分类: 🚂┃湾区频道, 名称: 無線新聞台, 有效: 2, IPv4: 38, IPv6: 0, 最小延迟: 85 ms, 最高速率: 4.24 MiB/s, 平均速率: 3.27 MiB/s, 最高分辨率: 1280x720, 平均帧率: 30.0, 视频编解码器: h264, 音频编解码器: aac
分类: 🚂┃湾区频道, 名称: 有线新闻, 有效: 10, IPv4: 14, IPv6: 0, 最小延迟: 148 ms, 最高速率: 0.42 MiB/s, 平均速率: 0.30 MiB/s, 最高分辨率: 1280x720, 平均帧率: 25.0, 视频编解码器: h264, 音频编解码器: aac
分类: 🚂┃湾区频道, 名称: TVBS新闻, 有效: 2, IPv4: 12, IPv6: 0, 最小延迟: 13 ms, 最高速率: 4.28 MiB/s, 平均速率: 4.12 MiB/s, 最高分辨率: 1920x1080, 平均帧率: 29.99, 视频编解码器: h264, 音频编解码器: aac
分类: 🚂┃湾区频道, 名称: TVBS欢乐, 有效: 1, IPv4: 11, IPv6: 0, 最小延迟: 227 ms, 最高速率: 0.76 MiB/s, 平均速率: 0.76 MiB/s, 最高分辨率: 1920x1080, 平均帧率: 30.0, 视频编解码器: h264, 音频编解码器: aac
分类: 🚂┃湾区频道, 名称: 寰宇新聞台, 有效: 4, IPv4: 23, IPv6: 0, 最小延迟: 4 ms, 最高速率: 192.29 MiB/s, 平均速率: 87.96 MiB/s, 最高分辨率: 1920x1080, 平均帧率: 29.98, 视频编解码器: h264, 音频编解码器: aac
分类: 🚂┃湾区频道, 名称: now新闻, 有效: 2, IPv4: 16, IPv6: 0, 最小延迟: 64 ms, 最高速率: 3.68 MiB/s, 平均速率: 2.15 MiB/s, 最高分辨率: 1920x1080, 平均帧率: 40.0, 视频编解码器: h264, 音频编解码器: aac
分类: 🚂┃湾区频道, 名称: ROCK Action, 有效: 0, IPv4: 12, IPv6: 0, 最小延迟: 227 ms, 最高速率: 0.32 MiB/s, 平均速率: 0.00 MiB/s, 最高分辨率: 1920x1080, 平均帧率: 30.0, 视频编解码器: h264, 音频编解码器: aac
分类: 🚂┃湾区频道, 名称: TVB星河, 有效: 2, IPv4: 34, IPv6: 0, 最小延迟: 217 ms, 最高速率: 1.12 MiB/s, 平均速率: 0.66 MiB/s, 最高分辨率: 1920x1080, 平均帧率: 28.33, 视频编解码器: h264, 音频编解码器: aac
分类: 🚂┃湾区频道, 名称: 翡翠综合台(北美), 有效: 0, IPv4: 1, IPv6: 0, 最小延迟: — ms, 最高速率: 0.00 MiB/s, 平均速率: 0.00 MiB/s, 最高分辨率: —, 平均帧率: 未知, 视频编解码器: 未知, 音频编解码器: 未知
分类: 🚂┃湾区频道, 名称: 千禧经典台, 有效: 0, IPv4: 11, IPv6: 0, 最小延迟: 392 ms, 最高速率: 0.04 MiB/s, 平均速率: 0.00 MiB/s, 最高分辨率: —, 平均帧率: 未知, 视频编解码器: 未知, 音频编解码器: 未知
分类: 🚂┃湾区频道, 名称: AMC電影台, 有效: 0, IPv4: 8, IPv6: 0, 最小延迟: 228 ms, 最高速率: 0.33 MiB/s, 平均速率: 0.00 MiB/s, 最高分辨率: 1920x1080, 平均帧率: 30.0, 视频编解码器: h264, 音频编解码器: aac
分类: 🚂┃湾区频道, 名称: Animax, 有效: 1, IPv4: 5, IPv6: 0, 最小延迟: 124 ms, 最高速率: 1.25 MiB/s, 平均速率: 1.25 MiB/s, 最高分辨率: 1920x1080, 平均帧率: 29.97, 视频编解码器: 未知, 音频编解码器: 未知
分类: 🚂┃湾区频道, 名称: 美亚电影台, 有效: 2, IPv4: 26, IPv6: 0, 最小延迟: 218 ms, 最高速率: 1.07 MiB/s, 平均速率: 0.95 MiB/s, 最高分辨率: 1920x1080, 平均帧率: 30.0, 视频编解码器: h264, 音频编解码器: aac
分类: 🚂┃湾区频道, 名称: 美亚电影粤, 有效: 0, IPv4: 1, IPv6: 0, 最小延迟: — ms, 最高速率: 0.00 MiB/s, 平均速率: 0.00 MiB/s, 最高分辨率: —, 平均帧率: 未知, 视频编解码器: 未知, 音频编解码器: 未知
分类: 🚂┃湾区频道, 名称: HOYTV, 有效: 0, IPv4: 3, IPv6: 0, 最小延迟: — ms, 最高速率: 0.00 MiB/s, 平均速率: 0.00 MiB/s, 最高分辨率: 1280x720, 平均帧率: 未知, 视频编解码器: 未知, 音频编解码器: 未知
分类: 🚂┃湾区频道, 名称: TVB Plus, 有效: 0, IPv4: 26, IPv6: 0, 最小延迟: 248 ms, 最高速率: 0.50 MiB/s, 平均速率: 0.00 MiB/s, 最高分辨率: 1920x1080, 平均帧率: 25.0, 视频编解码器: h264, 音频编解码器: aac
分类: 🚂┃湾区频道, 名称: Hoy 78, 有效: 0, IPv4: 9, IPv6: 0, 最小延迟: 221 ms, 最高速率: 0.42 MiB/s, 平均速率: 0.00 MiB/s, 最高分辨率: 1920x1080, 平均帧率: 30.0, 视频编解码器: h264, 音频编解码器: aac
分类: 🚂┃湾区频道, 名称: 三立台湾, 有效: 0, IPv4: 5, IPv6: 0, 最小延迟: 659 ms, 最高速率: 0.41 MiB/s, 平均速率: 0.00 MiB/s, 最高分辨率: 1920x1080, 平均帧率: 30.0, 视频编解码器: h264, 音频编解码器: aac
分类: 🚂┃湾区频道, 名称: 三立新闻, 有效: 1, IPv4: 13, IPv6: 0, 最小延迟: 228 ms, 最高速率: 0.79 MiB/s, 平均速率: 0.79 MiB/s, 最高分辨率: 1920x1080, 平均帧率: 30.0, 视频编解码器: h264, 音频编解码器: aac
分类: 🚂┃湾区频道, 名称: 东森综合, 有效: 0, IPv4: 12, IPv6: 0, 最小延迟: 228 ms, 最高速率: 0.32 MiB/s, 平均速率: 0.00 MiB/s, 最高分辨率: 1920x1080, 平均帧率: 30.0, 视频编解码器: h264, 音频编解码器: aac
分类: 🚂┃湾区频道, 名称: 东森超视, 有效: 4, IPv4: 8, IPv6: 0, 最小延迟: 39 ms, 最高速率: 12.15 MiB/s, 平均速率: 4.51 MiB/s, 最高分辨率: 1920x1080, 平均帧率: 29.99, 视频编解码器: h264, 音频编解码器: aac
分类: 🚂┃湾区频道, 名称: 东森电影, 有效: 0, IPv4: 12, IPv6: 0, 最小延迟: 217 ms, 最高速率: 0.33 MiB/s, 平均速率: 0.00 MiB/s, 最高分辨率: 1920x1080, 平均帧率: 30.0, 视频编解码器: h264, 音频编解码器: aac
分类: 🚂┃湾区频道, 名称: Now剧集, 有效: 0, IPv4: 3, IPv6: 0, 最小延迟: 227 ms, 最高速率: 0.32 MiB/s, 平均速率: 0.00 MiB/s, 最高分辨率: 1920x1080, 平均帧率: 30.0, 视频编解码器: h264, 音频编解码器: aac
分类: 🚂┃湾区频道, 名称: Now华剧, 有效: 1, IPv4: 6, IPv6: 0, 最小延迟: 225 ms, 最高速率: 0.83 MiB/s, 平均速率: 0.83 MiB/s, 最高分辨率: 1920x1080, 平均帧率: 30.0, 视频编解码器: h264, 音频编解码器: aac
分类: 🚂┃湾区频道, 名称: Now星影台, 有效: 0, IPv4: 19, IPv6: 0, 最小延迟: 217 ms, 最高速率: 0.33 MiB/s, 平均速率: 0.00 MiB/s, 最高分辨率: 1920x1080, 平均帧率: 30.0, 视频编解码器: h264, 音频编解码器: aac
分类: 🚂┃湾区频道, 名称: 靖天资讯, 有效: 1, IPv4: 7, IPv6: 0, 最小延迟: 228 ms, 最高速率: 1.20 MiB/s, 平均速率: 1.20 MiB/s, 最高分辨率: 1920x1080, 平均帧率: 30.0, 视频编解码器: h264, 音频编解码器: aac
分类: 🚂┃湾区频道, 名称: 靖天電影台, 有效: 0, IPv4: 10, IPv6: 0, 最小延迟: 228 ms, 最高速率: 0.33 MiB/s, 平均速率: 0.00 MiB/s, 最高分辨率: 1920x1080, 平均帧率: 30.0, 视频编解码器: h264, 音频编解码器: aac
分类: 🚂┃湾区频道, 名称: 星卫娱乐, 有效: 0, IPv4: 1, IPv6: 0, 最小延迟: — ms, 最高速率: 0.00 MiB/s, 平均速率: 0.00 MiB/s, 最高分辨率: —, 平均帧率: 未知, 视频编解码器: 未知, 音频编解码器: 未知
分类: 🚂┃湾区频道, 名称: SUPER Kids Channel, 有效: 1, IPv4: 1, IPv6: 0, 最小延迟: 240 ms, 最高速率: 2.82 MiB/s, 平均速率: 2.82 MiB/s, 最高分辨率: 1920x1080, 平均帧率: 未知, 视频编解码器: 未知, 音频编解码器: 未知
分类: 🚂┃湾区频道, 名称: Hbo家庭台, 有效: 0, IPv4: 3, IPv6: 0, 最小延迟: — ms, 最高速率: 0.00 MiB/s, 平均速率: 0.00 MiB/s, 最高分辨率: —, 平均帧率: 未知, 视频编解码器: 未知, 音频编解码器: 未知
分类: 🚂┃湾区频道, 名称: AXN电影台, 有效: 1, IPv4: 12, IPv6: 0, 最小延迟: 223 ms, 最高速率: 1.07 MiB/s, 平均速率: 1.07 MiB/s, 最高分辨率: 1920x1080, 平均帧率: 29.98, 视频编解码器: h264, 音频编解码器: aac
分类: 🚂┃湾区频道, 名称: RTHK 31, 有效: 0, IPv4: 13, IPv6: 0, 最小延迟: 226 ms, 最高速率: 0.32 MiB/s, 平均速率: 0.00 MiB/s, 最高分辨率: 1920x1080, 平均帧率: 30.0, 视频编解码器: h264, 音频编解码器: aac
分类: 🚂┃湾区频道, 名称: RTHK 32, 有效: 0, IPv4: 13, IPv6: 0, 最小延迟: 224 ms, 最高速率: 0.33 MiB/s, 平均速率: 0.00 MiB/s, 最高分辨率: 1920x1080, 平均帧率: 30.0, 视频编解码器: h264, 音频编解码器: aac
分类: 🚂┃湾区频道, 名称: RTHK 33, 有效: 0, IPv4: 16, IPv6: 0, 最小延迟: 227 ms, 最高速率: 0.32 MiB/s, 平均速率: 0.00 MiB/s, 最高分辨率: 1920x1080, 平均帧率: 26.67, 视频编解码器: h264, 音频编解码器: mp2
分类: 🚂┃湾区频道, 名称: Channel 5 HD, 有效: 0, IPv4: 1, IPv6: 0, 最小延迟: — ms, 最高速率: 0.00 MiB/s, 平均速率: 0.00 MiB/s, 最高分辨率: —, 平均帧率: 未知, 视频编解码器: 未知, 音频编解码器: 未知
分类: 🚂┃湾区频道, 名称: Channel 8 HD, 有效: 0, IPv4: 1, IPv6: 0, 最小延迟: — ms, 最高速率: 0.00 MiB/s, 平均速率: 0.00 MiB/s, 最高分辨率: —, 平均帧率: 未知, 视频编解码器: 未知, 音频编解码器: 未知
分类: 🚂┃湾区频道, 名称: Channel U HD, 有效: 0, IPv4: 1, IPv6: 0, 最小延迟: — ms, 最高速率: 0.00 MiB/s, 平均速率: 0.00 MiB/s, 最高分辨率: —, 平均帧率: 未知, 视频编解码器: 未知, 音频编解码器: 未知
分类: 🚂┃湾区频道, 名称: RTHK 34, 有效: 0, IPv4: 4, IPv6: 0, 最小延迟: 220 ms, 最高速率: 0.34 MiB/s, 平均速率: 0.00 MiB/s, 最高分辨率: 1920x1080, 平均帧率: 30.0, 视频编解码器: h264, 音频编解码器: aac
分类: 🚂┃湾区频道, 名称: RTHK 35, 有效: 1, IPv4: 4, IPv6: 0, 最小延迟: 225 ms, 最高速率: 0.83 MiB/s, 平均速率: 0.83 MiB/s, 最高分辨率: 1920x1080, 平均帧率: 30.0, 视频编解码器: h264, 音频编解码器: aac
分类: 🚂┃湾区频道, 名称: 中天亞洲台, 有效: 1, IPv4: 12, IPv6: 0, 最小延迟: 226 ms, 最高速率: 0.68 MiB/s, 平均速率: 0.68 MiB/s, 最高分辨率: 1920x1080, 平均帧率: 30.0, 视频编解码器: h264, 音频编解码器: aac
分类: 🚂┃湾区频道, 名称: 中天新聞台, 有效: 0, IPv4: 37, IPv6: 0, 最小延迟: 228 ms, 最高速率: 0.43 MiB/s, 平均速率: 0.00 MiB/s, 最高分辨率: 1920x1080, 平均帧率: 30.0, 视频编解码器: h264, 音频编解码器: aac
分类: 🚂┃湾区频道, 名称: 爆谷台, 有效: 0, IPv4: 2, IPv6: 0, 最小延迟: — ms, 最高速率: 0.00 MiB/s, 平均速率: 0.00 MiB/s, 最高分辨率: —, 平均帧率: 未知, 视频编解码器: 未知, 音频编解码器: 未知
分类: 🚂┃湾区频道, 名称: 龍華日韓台, 有效: 0, IPv4: 10, IPv6: 0, 最小延迟: 227 ms, 最高速率: 0.31 MiB/s, 平均速率: 0.00 MiB/s, 最高分辨率: 1920x1080, 平均帧率: 30.0, 视频编解码器: h264, 音频编解码器: aac
分类: 🚂┃湾区频道, 名称: 龍華電影台, 有效: 0, IPv4: 13, IPv6: 0, 最小延迟: 228 ms, 最高速率: 0.28 MiB/s, 平均速率: 0.00 MiB/s, 最高分辨率: 1920x1080, 平均帧率: 30.0, 视频编解码器: h264, 音频编解码器: aac
分类: 🚂┃湾区频道, 名称: TVBS亚洲, 有效: 5, IPv4: 9, IPv6: 0, 最小延迟: 12 ms, 最高速率: 6.71 MiB/s, 平均速率: 2.91 MiB/s, 最高分辨率: 1920x1080, 平均帧率: 29.97, 视频编解码器: h264, 音频编解码器: aac
分类: 🚂┃湾区频道, 名称: 纬来体育, 有效: 1, IPv4: 10, IPv6: 0, 最小延迟: 226 ms, 最高速率: 0.73 MiB/s, 平均速率: 0.73 MiB/s, 最高分辨率: 1920x1080, 平均帧率: 30.0, 视频编解码器: h264, 音频编解码器: aac
分类: 🚂┃湾区频道, 名称: 纬来育乐, 有效: 0, IPv4: 10, IPv6: 0, 最小延迟: 220 ms, 最高速率: 0.33 MiB/s, 平均速率: 0.00 MiB/s, 最高分辨率: 1920x1080, 平均帧率: 30.0, 视频编解码器: h264, 音频编解码器: aac
分类: 🚂┃湾区频道, 名称: 愛爾達綜合台, 有效: 0, IPv4: 3, IPv6: 0, 最小延迟: 218 ms, 最高速率: 0.32 MiB/s, 平均速率: 0.00 MiB/s, 最高分辨率: 1920x1080, 平均帧率: 30.0, 视频编解码器: h264, 音频编解码器: aac
分类: 🚂┃湾区频道, 名称: 愛爾達娛樂台, 有效: 1, IPv4: 5, IPv6: 0, 最小延迟: 218 ms, 最高速率: 0.79 MiB/s, 平均速率: 0.79 MiB/s, 最高分辨率: 1920x1080, 平均帧率: 30.0, 视频编解码器: h264, 音频编解码器: aac
分类: 🚂┃湾区频道, 名称: 愛爾達影劇台, 有效: 1, IPv4: 6, IPv6: 0, 最小延迟: 218 ms, 最高速率: 0.86 MiB/s, 平均速率: 0.86 MiB/s, 最高分辨率: 1920x1080, 平均帧率: 30.0, 视频编解码器: h264, 音频编解码器: aac
分类: 🚂┃湾区频道, 名称: BBC Cbeebies, 有效: 0, IPv4: 1, IPv6: 0, 最小延迟: — ms, 最高速率: 0.00 MiB/s, 平均速率: 0.00 MiB/s, 最高分辨率: —, 平均帧率: 未知, 视频编解码器: 未知, 音频编解码器: 未知
分类: 🚂┃湾区频道, 名称: BBC Earth, 有效: 1, IPv4: 5, IPv6: 0, 最小延迟: 218 ms, 最高速率: 0.55 MiB/s, 平均速率: 0.55 MiB/s, 最高分辨率: 1920x1080, 平均帧率: 30.0, 视频编解码器: h264, 音频编解码器: aac
分类: 🚂┃湾区频道, 名称: BBC Lifestyle, 有效: 1, IPv4: 6, IPv6: 0, 最小延迟: 218 ms, 最高速率: 0.61 MiB/s, 平均速率: 0.61 MiB/s, 最高分辨率: 1920x1080, 平均帧率: 29.99, 视频编解码器: h264, 音频编解码器: aac
分类: 🚂┃湾区频道, 名称: BBC NEWS, 有效: 4, IPv4: 16, IPv6: 0, 最小延迟: 37 ms, 最高速率: 22.85 MiB/s, 平均速率: 10.89 MiB/s, 最高分辨率: 1920x1080, 平均帧率: 34.28, 视频编解码器: h264, 音频编解码器: aac
分类: 🚂┃湾区频道, 名称: Bloomberg TV, 有效: 1, IPv4: 5, IPv6: 0, 最小延迟: 111 ms, 最高速率: 3.18 MiB/s, 平均速率: 3.18 MiB/s, 最高分辨率: 1920x1080, 平均帧率: 59.94, 视频编解码器: 未知, 音频编解码器: 未知
分类: 🚂┃湾区频道, 名称: Cartoonito, 有效: 0, IPv4: 3, IPv6: 0, 最小延迟: 218 ms, 最高速率: 0.49 MiB/s, 平均速率: 0.00 MiB/s, 最高分辨率: 1920x1080, 平均帧率: 30.0, 视频编解码器: h264, 音频编解码器: aac
分类: 🚂┃湾区频道, 名称: CatchPlay 電影台, 有效: 0, IPv4: 6, IPv6: 0, 最小延迟: 639 ms, 最高速率: 0.34 MiB/s, 平均速率: 0.00 MiB/s, 最高分辨率: 1920x1080, 平均帧率: 30.0, 视频编解码器: h264, 音频编解码器: aac
分类: 🚂┃湾区频道, 名称: 松視1臺, 有效: 0, IPv4: 3, IPv6: 0, 最小延迟: 1847 ms, 最高速率: 0.00 MiB/s, 平均速率: 0.00 MiB/s, 最高分辨率: —, 平均帧率: 未知, 视频编解码器: 未知, 音频编解码器: 未知
分类: 🚂┃湾区频道, 名称: 松視2臺, 有效: 0, IPv4: 2, IPv6: 0, 最小延迟: — ms, 最高速率: 0.00 MiB/s, 平均速率: 0.00 MiB/s, 最高分辨率: —, 平均帧率: 未知, 视频编解码器: 未知, 音频编解码器: 未知
分类: 🚂┃湾区频道, 名称: 松視3台, 有效: 0, IPv4: 1, IPv6: 0, 最小延迟: — ms, 最高速率: 0.00 MiB/s, 平均速率: 0.00 MiB/s, 最高分辨率: —, 平均帧率: 未知, 视频编解码器: 未知, 音频编解码器: 未知
分类: 🚂┃湾区频道, 名称: Discovery Asia, 有效: 0, IPv4: 2, IPv6: 0, 最小延迟: — ms, 最高速率: 0.00 MiB/s, 平均速率: 0.00 MiB/s, 最高分辨率: —, 平均帧率: 未知, 视频编解码器: 未知, 音频编解码器: 未知
分类: 🚂┃湾区频道, 名称: Discovery Science, 有效: 0, IPv4: 6, IPv6: 0, 最小延迟: 217 ms, 最高速率: 0.33 MiB/s, 平均速率: 0.00 MiB/s, 最高分辨率: 1920x1080, 平均帧率: 30.0, 视频编解码器: h264, 音频编解码器: aac
分类: 🚂┃湾区频道, 名称: Eurosport, 有效: 0, IPv4: 3, IPv6: 0, 最小延迟: 879 ms, 最高速率: 0.42 MiB/s, 平均速率: 0.00 MiB/s, 最高分辨率: —, 平均帧率: 未知, 视频编解码器: 未知, 音频编解码器: 未知
分类: 🚂┃湾区频道, 名称: DreamWorks 夢工廠動畫, 有效: 0, IPv4: 1, IPv6: 0, 最小延迟: — ms, 最高速率: 0.00 MiB/s, 平均速率: 0.00 MiB/s, 最高分辨率: —, 平均帧率: 未知, 视频编解码器: 未知, 音频编解码器: 未知
分类: 🚂┃湾区频道, 名称: Love Nature, 有效: 5, IPv4: 9, IPv6: 0, 最小延迟: 12 ms, 最高速率: 96.65 MiB/s, 平均速率: 26.52 MiB/s, 最高分辨率: 3840x2160, 平均帧率: 29.97, 视频编解码器: h264, 音频编解码器: aac
分类: 🚂┃湾区频道, 名称: Global Trekker, 有效: 0, IPv4: 1, IPv6: 0, 最小延迟: 226 ms, 最高速率: 0.28 MiB/s, 平均速率: 0.00 MiB/s, 最高分辨率: 1920x1080, 平均帧率: 30.0, 视频编解码器: h264, 音频编解码器: aac
分类: 🅱┃台湾频道, 名称: 台视新闻台, 有效: 2, IPv4: 6, IPv6: 0, 最小延迟: 18 ms, 最高速率: 16.14 MiB/s, 平均速率: 9.93 MiB/s, 最高分辨率: 1920x1080, 平均帧率: 未知, 视频编解码器: 未知, 音频编解码器: 未知
分类: 🅱┃台湾频道, 名称: 台视综合台, 有效: 1, IPv4: 12, IPv6: 0, 最小延迟: 227 ms, 最高速率: 0.89 MiB/s, 平均速率: 0.89 MiB/s, 最高分辨率: 1920x1080, 平均帧率: 30.0, 视频编解码器: h264, 音频编解码器: aac
分类: 🅱┃台湾频道, 名称: TVBS News 新闻台, 有效: 0, IPv4: 1, IPv6: 0, 最小延迟: — ms, 最高速率: 0.00 MiB/s, 平均速率: 0.00 MiB/s, 最高分辨率: —, 平均帧率: 未知, 视频编解码器: 未知, 音频编解码器: 未知
分类: 🅱┃台湾频道, 名称: 中视新闻台, 有效: 0, IPv4: 16, IPv6: 0, 最小延迟: 254 ms, 最高速率: 0.40 MiB/s, 平均速率: 0.00 MiB/s, 最高分辨率: 1920x1080, 平均帧率: 30.0, 视频编解码器: h264, 音频编解码器: aac
分类: 🅱┃台湾频道, 名称: 民视台湾台, 有效: 0, IPv4: 11, IPv6: 0, 最小延迟: 228 ms, 最高速率: 0.41 MiB/s, 平均速率: 0.00 MiB/s, 最高分辨率: 1920x1080, 平均帧率: 30.0, 视频编解码器: h264, 音频编解码器: aac
分类: 🅱┃台湾频道, 名称: HBO_HD, 有效: 1, IPv4: 15, IPv6: 0, 最小延迟: 218 ms, 最高速率: 0.57 MiB/s, 平均速率: 0.57 MiB/s, 最高分辨率: 1920x1080, 平均帧率: 30.0, 视频编解码器: h264, 音频编解码器: aac
分类: 🅱┃台湾频道, 名称: HBO_HITS, 有效: 0, IPv4: 12, IPv6: 0, 最小延迟: 222 ms, 最高速率: 0.35 MiB/s, 平均速率: 0.00 MiB/s, 最高分辨率: 1920x1080, 平均帧率: 28.33, 视频编解码器: h264, 音频编解码器: aac
分类: 🅱┃台湾频道, 名称: 三立戏剧台, 有效: 2, IPv4: 6, IPv6: 0, 最小延迟: 214 ms, 最高速率: 0.55 MiB/s, 平均速率: 0.45 MiB/s, 最高分辨率: 1920x1080, 平均帧率: 30.0, 视频编解码器: h264, 音频编解码器: aac
分类: 🅱┃台湾频道, 名称: 三立都会台, 有效: 0, IPv4: 11, IPv6: 0, 最小延迟: 311 ms, 最高速率: 0.24 MiB/s, 平均速率: 0.00 MiB/s, 最高分辨率: 1920x1080, 平均帧率: 30.0, 视频编解码器: h264, 音频编解码器: aac
分类: 🅱┃台湾频道, 名称: CINEMAX, 有效: 0, IPv4: 11, IPv6: 0, 最小延迟: 226 ms, 最高速率: 0.24 MiB/s, 平均速率: 0.00 MiB/s, 最高分辨率: 1920x1080, 平均帧率: 50.0, 视频编解码器: h264, 音频编解码器: aac
分类: 🅱┃台湾频道, 名称: 寰宇财经, 有效: 1, IPv4: 5, IPv6: 0, 最小延迟: 222 ms, 最高速率: 0.56 MiB/s, 平均速率: 0.56 MiB/s, 最高分辨率: 1920x1080, 平均帧率: 30.0, 视频编解码器: h264, 音频编解码器: aac
分类: 🅱┃台湾频道, 名称: 大爱1台, 有效: 0, IPv4: 1, IPv6: 0, 最小延迟: — ms, 最高速率: 0.00 MiB/s, 平均速率: 0.00 MiB/s, 最高分辨率: —, 平均帧率: 未知, 视频编解码器: 未知, 音频编解码器: 未知
分类: 🅱┃台湾频道, 名称: 非凡新闻台, 有效: 0, IPv4: 10, IPv6: 0, 最小延迟: 221 ms, 最高速率: 0.33 MiB/s, 平均速率: 0.00 MiB/s, 最高分辨率: 1920x1080, 平均帧率: 30.0, 视频编解码器: h264, 音频编解码器: aac
分类: 🅱┃台湾频道, 名称: 龙华经典台, 有效: 1, IPv4: 15, IPv6: 0, 最小延迟: 222 ms, 最高速率: 0.85 MiB/s, 平均速率: 0.85 MiB/s, 最高分辨率: 1920x1080, 平均帧率: 30.0, 视频编解码器: h264, 音频编解码器: aac
分类: 🅱┃台湾频道, 名称: 龙华偶像, 有效: 0, IPv4: 13, IPv6: 0, 最小延迟: 222 ms, 最高速率: 0.42 MiB/s, 平均速率: 0.00 MiB/s, 最高分辨率: 1920x1080, 平均帧率: 30.0, 视频编解码器: h264, 音频编解码器: aac
分类: 🅱┃台湾频道, 名称: 靖天国际台, 有效: 1, IPv4: 10, IPv6: 0, 最小延迟: 223 ms, 最高速率: 1.32 MiB/s, 平均速率: 1.32 MiB/s, 最高分辨率: 1920x1080, 平均帧率: 30.0, 视频编解码器: h264, 音频编解码器: aac
分类: 🅱┃台湾频道, 名称: 年代新闻, 有效: 0, IPv4: 16, IPv6: 0, 最小延迟: 257 ms, 最高速率: 0.33 MiB/s, 平均速率: 0.00 MiB/s, 最高分辨率: 1920x1080, 平均帧率: 30.0, 视频编解码器: h264, 音频编解码器: aac
分类: 🅱┃台湾频道, 名称: 纬来日本台, 有效: 0, IPv4: 10, IPv6: 0, 最小延迟: 408 ms, 最高速率: 0.24 MiB/s, 平均速率: 0.00 MiB/s, 最高分辨率: 1920x1080, 平均帧率: 30.0, 视频编解码器: h264, 音频编解码器: aac
分类: 🅱┃台湾频道, 名称: 纬来电影台, 有效: 0, IPv4: 17, IPv6: 0, 最小延迟: 222 ms, 最高速率: 0.34 MiB/s, 平均速率: 0.00 MiB/s, 最高分辨率: 1920x1080, 平均帧率: 30.0, 视频编解码器: h264, 音频编解码器: aac
分类: 🅱┃台湾频道, 名称: 纬来综合台, 有效: 0, IPv4: 8, IPv6: 0, 最小延迟: 224 ms, 最高速率: 0.28 MiB/s, 平均速率: 0.00 MiB/s, 最高分辨率: 1920x1080, 平均帧率: 30.0, 视频编解码器: h264, 音频编解码器: aac
分类: 🅱┃台湾频道, 名称: 纬来精彩, 有效: 2, IPv4: 8, IPv6: 0, 最小延迟: 216 ms, 最高速率: 0.77 MiB/s, 平均速率: 0.54 MiB/s, 最高分辨率: 1920x1080, 平均帧率: 30.0, 视频编解码器: h264, 音频编解码器: aac
分类: 🅱┃台湾频道, 名称: 大爱2台, 有效: 0, IPv4: 2, IPv6: 0, 最小延迟: — ms, 最高速率: 0.00 MiB/s, 平均速率: 0.00 MiB/s, 最高分辨率: —, 平均帧率: 未知, 视频编解码器: 未知, 音频编解码器: 未知
分类: 🅱┃台湾频道, 名称: 亚洲美食, 有效: 0, IPv4: 2, IPv6: 0, 最小延迟: — ms, 最高速率: 0.00 MiB/s, 平均速率: 0.00 MiB/s, 最高分辨率: —, 平均帧率: 未知, 视频编解码器: 未知, 音频编解码器: 未知
分类: 🅱┃台湾频道, 名称: 美食星球, 有效: 1, IPv4: 5, IPv6: 0, 最小延迟: 222 ms, 最高速率: 0.56 MiB/s, 平均速率: 0.56 MiB/s, 最高分辨率: 1920x1080, 平均帧率: 30.0, 视频编解码器: h264, 音频编解码器: aac
分类: 🅱┃台湾频道, 名称: 博斯无限, 有效: 0, IPv4: 4, IPv6: 0, 最小延迟: — ms, 最高速率: 0.00 MiB/s, 平均速率: 0.00 MiB/s, 最高分辨率: 1920x1080, 平均帧率: 未知, 视频编解码器: 未知, 音频编解码器: 未知
分类: 🅱┃台湾频道, 名称: MTV Live, 有效: 1, IPv4: 4, IPv6: 0, 最小延迟: 127 ms, 最高速率: 3.38 MiB/s, 平均速率: 3.38 MiB/s, 最高分辨率: 1920x1080, 平均帧率: 42.47, 视频编解码器: h264, 音频编解码器: 未知
分类: 🅱┃台湾频道, 名称: EYETV 旅游, 有效: 0, IPv4: 3, IPv6: 0, 最小延迟: — ms, 最高速率: 0.00 MiB/s, 平均速率: 0.00 MiB/s, 最高分辨率: —, 平均帧率: 未知, 视频编解码器: 未知, 音频编解码器: 未知
分类: 🅱┃台湾频道, 名称: 靖天卡通台, 有效: 0, IPv4: 9, IPv6: 0, 最小延迟: 223 ms, 最高速率: 0.33 MiB/s, 平均速率: 0.00 MiB/s, 最高分辨率: 1920x1080, 平均帧率: 30.0, 视频编解码器: h264, 音频编解码器: aac
分类: 🅱┃台湾频道, 名称: EYETV 戏剧, 有效: 0, IPv4: 9, IPv6: 0, 最小延迟: 224 ms, 最高速率: 0.05 MiB/s, 平均速率: 0.00 MiB/s, 最高分辨率: —, 平均帧率: 未知, 视频编解码器: 未知, 音频编解码器: 未知
分类: 🅱┃台湾频道, 名称: 卫视电影台, 有效: 0, IPv4: 4, IPv6: 0, 最小延迟: 296 ms, 最高速率: 0.00 MiB/s, 平均速率: 0.00 MiB/s, 最高分辨率: —, 平均帧率: 未知, 视频编解码器: 未知, 音频编解码器: 未知
分类: 🅱┃台湾频道, 名称: 星卫电影, 有效: 0, IPv4: 3, IPv6: 0, 最小延迟: — ms, 最高速率: 0.00 MiB/s, 平均速率: 0.00 MiB/s, 最高分辨率: 1920x1080, 平均帧率: 未知, 视频编解码器: 未知, 音频编解码器: 未知
分类: 📚┃浙江频道, 名称: 浙江钱江, 有效: 4, IPv4: 9, IPv6: 0, 最小延迟: 174 ms, 最高速率: 0.59 MiB/s, 平均速率: 0.57 MiB/s, 最高分辨率: 1920x1080, 平均帧率: 31.25, 视频编解码器: h264, 音频编解码器: aac
分类: 📚┃浙江频道, 名称: 浙江经济生活, 有效: 1, IPv4: 4, IPv6: 0, 最小延迟: 174 ms, 最高速率: 0.72 MiB/s, 平均速率: 0.72 MiB/s, 最高分辨率: 1920x1080, 平均帧率: 25.0, 视频编解码器: h264, 音频编解码器: aac
分类: 📚┃浙江频道, 名称: 浙江生活, 有效: 1, IPv4: 2, IPv6: 0, 最小延迟: 354 ms, 最高速率: 0.60 MiB/s, 平均速率: 0.60 MiB/s, 最高分辨率: 1920x1080, 平均帧率: 25.0, 视频编解码器: h264, 音频编解码器: aac
分类: 📚┃浙江频道, 名称: 浙江教育, 有效: 2, IPv4: 2, IPv6: 0, 最小延迟: 223 ms, 最高速率: 0.64 MiB/s, 平均速率: 0.54 MiB/s, 最高分辨率: 1920x1080, 平均帧率: 25.0, 视频编解码器: h264, 音频编解码器: aac
分类: 📚┃浙江频道, 名称: 浙江民生, 有效: 3, IPv4: 5, IPv6: 0, 最小延迟: 212 ms, 最高速率: 0.75 MiB/s, 平均速率: 0.67 MiB/s, 最高分辨率: 1920x1080, 平均帧率: 25.0, 视频编解码器: h264, 音频编解码器: aac
分类: 📚┃浙江频道, 名称: 浙江新闻, 有效: 3, IPv4: 14, IPv6: 0, 最小延迟: 249 ms, 最高速率: 0.94 MiB/s, 平均速率: 0.70 MiB/s, 最高分辨率: 1920x1080, 平均帧率: 28.57, 视频编解码器: h264, 音频编解码器: mp2
分类: 📚┃浙江频道, 名称: 浙江少儿, 有效: 4, IPv4: 6, IPv6: 0, 最小延迟: 169 ms, 最高速率: 5.74 MiB/s, 平均速率: 2.93 MiB/s, 最高分辨率: 1920x1080, 平均帧率: 31.25, 视频编解码器: h264, 音频编解码器: aac
分类: 📚┃浙江频道, 名称: 杭州综合, 有效: 0, IPv4: 2, IPv6: 0, 最小延迟: — ms, 最高速率: 0.00 MiB/s, 平均速率: 0.00 MiB/s, 最高分辨率: —, 平均帧率: 未知, 视频编解码器: 未知, 音频编解码器: 未知
分类: 📚┃浙江频道, 名称: 杭州西湖明珠, 有效: 0, IPv4: 2, IPv6: 0, 最小延迟: — ms, 最高速率: 0.00 MiB/s, 平均速率: 0.00 MiB/s, 最高分辨率: —, 平均帧率: 未知, 视频编解码器: 未知, 音频编解码器: 未知
分类: 📚┃浙江频道, 名称: 杭州生活, 有效: 0, IPv4: 2, IPv6: 0, 最小延迟: — ms, 最高速率: 0.00 MiB/s, 平均速率: 0.00 MiB/s, 最高分辨率: —, 平均帧率: 未知, 视频编解码器: 未知, 音频编解码器: 未知
分类: 📚┃浙江频道, 名称: 杭州影视, 有效: 1, IPv4: 9, IPv6: 0, 最小延迟: 347 ms, 最高速率: 0.50 MiB/s, 平均速率: 0.50 MiB/s, 最高分辨率: 1920x1080, 平均帧率: 25.0, 视频编解码器: h264, 音频编解码器: mp2
分类: 📚┃浙江频道, 名称: 杭州青少, 有效: 0, IPv4: 2, IPv6: 0, 最小延迟: — ms, 最高速率: 0.00 MiB/s, 平均速率: 0.00 MiB/s, 最高分辨率: —, 平均帧率: 未知, 视频编解码器: 未知, 音频编解码器: 未知
分类: 📚┃浙江频道, 名称: 杭州导视, 有效: 0, IPv4: 2, IPv6: 0, 最小延迟: — ms, 最高速率: 0.00 MiB/s, 平均速率: 0.00 MiB/s, 最高分辨率: —, 平均帧率: 未知, 视频编解码器: 未知, 音频编解码器: 未知
分类: 📚┃浙江频道, 名称: NBTV-1, 有效: 0, IPv4: 2, IPv6: 0, 最小延迟: — ms, 最高速率: 0.00 MiB/s, 平均速率: 0.00 MiB/s, 最高分辨率: —, 平均帧率: 未知, 视频编解码器: 未知, 音频编解码器: 未知
分类: 📚┃浙江频道, 名称: NBTV-2, 有效: 0, IPv4: 2, IPv6: 0, 最小延迟: — ms, 最高速率: 0.00 MiB/s, 平均速率: 0.00 MiB/s, 最高分辨率: —, 平均帧率: 未知, 视频编解码器: 未知, 音频编解码器: 未知
分类: 📚┃浙江频道, 名称: NBTV-3, 有效: 0, IPv4: 2, IPv6: 0, 最小延迟: — ms, 最高速率: 0.00 MiB/s, 平均速率: 0.00 MiB/s, 最高分辨率: —, 平均帧率: 未知, 视频编解码器: 未知, 音频编解码器: 未知
分类: 📚┃浙江频道, 名称: NBTV-4, 有效: 0, IPv4: 2, IPv6: 0, 最小延迟: — ms, 最高速率: 0.00 MiB/s, 平均速率: 0.00 MiB/s, 最高分辨率: —, 平均帧率: 未知, 视频编解码器: 未知, 音频编解码器: 未知
分类: 📚┃浙江频道, 名称: 浙江教科, 有效: 2, IPv4: 4, IPv6: 0, 最小延迟: 173 ms, 最高速率: 6.77 MiB/s, 平均速率: 3.70 MiB/s, 最高分辨率: 1920x1080, 平均帧率: 25.0, 视频编解码器: h264, 音频编解码器: aac
分类: 📚┃浙江频道, 名称: 之江纪录, 有效: 2, IPv4: 3, IPv6: 0, 最小延迟: 197 ms, 最高速率: 5.84 MiB/s, 平均速率: 5.50 MiB/s, 最高分辨率: 1920x1080, 平均帧率: 25.0, 视频编解码器: h264, 音频编解码器: aac
分类: 📚┃浙江频道, 名称: 浙江国际, 有效: 6, IPv4: 11, IPv6: 0, 最小延迟: 168 ms, 最高速率: 6.70 MiB/s, 平均速率: 3.71 MiB/s, 最高分辨率: 1920x1080, 平均帧率: 25.0, 视频编解码器: h264, 音频编解码器: aac
分类: 📚┃浙江频道, 名称: 浙江经济, 有效: 1, IPv4: 2, IPv6: 0, 最小延迟: 305 ms, 最高速率: 0.74 MiB/s, 平均速率: 0.74 MiB/s, 最高分辨率: 1280x720, 平均帧率: 25.0, 视频编解码器: h264, 音频编解码器: aac
分类: 📚┃浙江频道, 名称: 湖州新闻综合, 有效: 0, IPv4: 2, IPv6: 0, 最小延迟: 823 ms, 最高速率: 0.13 MiB/s, 平均速率: 0.00 MiB/s, 最高分辨率: —, 平均帧率: 未知, 视频编解码器: 未知, 音频编解码器: 未知
分类: 📚┃浙江频道, 名称: 嘉兴新闻综合, 有效: 1, IPv4: 2, IPv6: 0, 最小延迟: 556 ms, 最高速率: 0.57 MiB/s, 平均速率: 0.57 MiB/s, 最高分辨率: 1920x1080, 平均帧率: 25.0, 视频编解码器: h264, 音频编解码器: aac
分类: 📚┃浙江频道, 名称: 湖州公共, 有效: 0, IPv4: 2, IPv6: 0, 最小延迟: — ms, 最高速率: 0.00 MiB/s, 平均速率: 0.00 MiB/s, 最高分辨率: —, 平均帧率: 未知, 视频编解码器: 未知, 音频编解码器: 未知
分类: 📚┃浙江频道, 名称: 衢州新闻综合, 有效: 0, IPv4: 1, IPv6: 0, 最小延迟: 519 ms, 最高速率: 0.13 MiB/s, 平均速率: 0.00 MiB/s, 最高分辨率: —, 平均帧率: 未知, 视频编解码器: 未知, 音频编解码器: 未知
分类: 📚┃浙江频道, 名称: 金华新闻综合, 有效: 0, IPv4: 1, IPv6: 0, 最小延迟: — ms, 最高速率: 0.00 MiB/s, 平均速率: 0.00 MiB/s, 最高分辨率: —, 平均帧率: 未知, 视频编解码器: 未知, 音频编解码器: 未知
分类: 📚┃浙江频道, 名称: 浙江留学, 有效: 1, IPv4: 2, IPv6: 0, 最小延迟: 170 ms, 最高速率: 1.82 MiB/s, 平均速率: 1.82 MiB/s, 最高分辨率: 1920x1080, 平均帧率: 25.0, 视频编解码器: h264, 音频编解码器: aac
分类: 📚┃浙江频道, 名称: 浙江经视, 有效: 1, IPv4: 2, IPv6: 0, 最小延迟: 260 ms, 最高速率: 0.43 MiB/s, 平均速率: 0.43 MiB/s, 最高分辨率: 1280x720, 平均帧率: 25.0, 视频编解码器: h264, 音频编解码器: mp2
分类: 📚┃浙江频道, 名称: 温州新闻综合, 有效: 0, IPv4: 2, IPv6: 0, 最小延迟: 754 ms, 最高速率: 0.05 MiB/s, 平均速率: 0.00 MiB/s, 最高分辨率: —, 平均帧率: 未知, 视频编解码器: 未知, 音频编解码器: 未知
分类: 📚┃浙江频道, 名称: 湖州文化娱乐, 有效: 0, IPv4: 1, IPv6: 0, 最小延迟: — ms, 最高速率: 0.00 MiB/s, 平均速率: 0.00 MiB/s, 最高分辨率: —, 平均帧率: 未知, 视频编解码器: 未知, 音频编解码器: 未知
分类: 📚┃浙江频道, 名称: 浙江民生休闲, 有效: 0, IPv4: 2, IPv6: 0, 最小延迟: 286 ms, 最高速率: 0.47 MiB/s, 平均速率: 0.00 MiB/s, 最高分辨率: 720x576, 平均帧率: 50.0, 视频编解码器: h264, 音频编解码器: mp2
分类: 📚┃浙江频道, 名称: 浙江数码时代, 有效: 1, IPv4: 2, IPv6: 0, 最小延迟: 169 ms, 最高速率: 0.75 MiB/s, 平均速率: 0.75 MiB/s, 最高分辨率: 1280x720, 平均帧率: 未知, 视频编解码器: 未知, 音频编解码器: 未知
分类: 📚┃浙江频道, 名称: 浙江公共新闻, 有效: 0, IPv4: 3, IPv6: 0, 最小延迟: 1321 ms, 最高速率: 0.04 MiB/s, 平均速率: 0.00 MiB/s, 最高分辨率: 1920x1080, 平均帧率: 未知, 视频编解码器: 未知, 音频编解码器: 未知
分类: 📚┃浙江频道, 名称: 浙江教科影视, 有效: 0, IPv4: 1, IPv6: 0, 最小延迟: 367 ms, 最高速率: 0.15 MiB/s, 平均速率: 0.00 MiB/s, 最高分辨率: —, 平均帧率: 未知, 视频编解码器: 未知, 音频编解码器: 未知
分类: 📚┃浙江频道, 名称: 浙江休闲台, 有效: 1, IPv4: 1, IPv6: 0, 最小延迟: 167 ms, 最高速率: 0.70 MiB/s, 平均速率: 0.70 MiB/s, 最高分辨率: 1280x720, 平均帧率: 未知, 视频编解码器: 未知, 音频编解码器: 未知
分类: 📚┃浙江频道, 名称: 浙江松阳, 有效: 0, IPv4: 1, IPv6: 0, 最小延迟: — ms, 最高速率: 0.00 MiB/s, 平均速率: 0.00 MiB/s, 最高分辨率: —, 平均帧率: 未知, 视频编解码器: 未知, 音频编解码器: 未知
分类: 📚┃浙江频道, 名称: 诸暨新闻综合, 有效: 0, IPv4: 4, IPv6: 0, 最小延迟: 302 ms, 最高速率: 0.43 MiB/s, 平均速率: 0.00 MiB/s, 最高分辨率: 1920x1080, 平均帧率: 未知, 视频编解码器: 未知, 音频编解码器: 未知
分类: 📚┃浙江频道, 名称: 浙江龙泉, 有效: 0, IPv4: 1, IPv6: 0, 最小延迟: — ms, 最高速率: 0.00 MiB/s, 平均速率: 0.00 MiB/s, 最高分辨率: —, 平均帧率: 未知, 视频编解码器: 未知, 音频编解码器: 未知
分类: 📚┃浙江频道, 名称: 浙江青田, 有效: 0, IPv4: 1, IPv6: 0, 最小延迟: — ms, 最高速率: 0.00 MiB/s, 平均速率: 0.00 MiB/s, 最高分辨率: —, 平均帧率: 未知, 视频编解码器: 未知, 音频编解码器: 未知
分类: 📚┃浙江频道, 名称: 浙江遂昌, 有效: 0, IPv4: 1, IPv6: 0, 最小延迟: — ms, 最高速率: 0.00 MiB/s, 平均速率: 0.00 MiB/s, 最高分辨率: —, 平均帧率: 未知, 视频编解码器: 未知, 音频编解码器: 未知
分类: 📚┃浙江频道, 名称: 龙游生活娱乐, 有效: 0, IPv4: 3, IPv6: 0, 最小延迟: 708 ms, 最高速率: 0.03 MiB/s, 平均速率: 0.00 MiB/s, 最高分辨率: 1280x720, 平均帧率: 未知, 视频编解码器: 未知, 音频编解码器: 未知
分类: 📚┃浙江频道, 名称: 鄞州二套, 有效: 0, IPv4: 2, IPv6: 0, 最小延迟: — ms, 最高速率: 0.00 MiB/s, 平均速率: 0.00 MiB/s, 最高分辨率: —, 平均帧率: 未知, 视频编解码器: 未知, 音频编解码器: 未知
分类: 📚┃浙江频道, 名称: 鄞州一套, 有效: 0, IPv4: 2, IPv6: 0, 最小延迟: — ms, 最高速率: 0.00 MiB/s, 平均速率: 0.00 MiB/s, 最高分辨率: —, 平均帧率: 未知, 视频编解码器: 未知, 音频编解码器: 未知
分类: 📚┃浙江频道, 名称: 象山综合, 有效: 1, IPv4: 3, IPv6: 0, 最小延迟: 429 ms, 最高速率: 1.12 MiB/s, 平均速率: 1.12 MiB/s, 最高分辨率: 1920x1080, 平均帧率: 未知, 视频编解码器: 未知, 音频编解码器: 未知
分类: 📚┃浙江频道, 名称: 龙游新闻综合, 有效: 0, IPv4: 3, IPv6: 0, 最小延迟: — ms, 最高速率: 0.00 MiB/s, 平均速率: 0.00 MiB/s, 最高分辨率: —, 平均帧率: 未知, 视频编解码器: 未知, 音频编解码器: 未知
分类: 📚┃浙江频道, 名称: 龙泉新闻综合, 有效: 0, IPv4: 1, IPv6: 0, 最小延迟: — ms, 最高速率: 0.00 MiB/s, 平均速率: 0.00 MiB/s, 最高分辨率: —, 平均帧率: 未知, 视频编解码器: 未知, 音频编解码器: 未知
分类: 📚┃浙江频道, 名称: 遂昌综合, 有效: 0, IPv4: 1, IPv6: 0, 最小延迟: — ms, 最高速率: 0.00 MiB/s, 平均速率: 0.00 MiB/s, 最高分辨率: —, 平均帧率: 未知, 视频编解码器: 未知, 音频编解码器: 未知
分类: 📚┃浙江频道, 名称: 衢江新闻综合, 有效: 0, IPv4: 2, IPv6: 0, 最小延迟: 1008 ms, 最高速率: 0.06 MiB/s, 平均速率: 0.00 MiB/s, 最高分辨率: —, 平均帧率: 未知, 视频编解码器: 未知, 音频编解码器: 未知
分类: 📚┃浙江频道, 名称: 萧山生活, 有效: 0, IPv4: 4, IPv6: 0, 最小延迟: — ms, 最高速率: 0.00 MiB/s, 平均速率: 0.00 MiB/s, 最高分辨率: —, 平均帧率: 未知, 视频编解码器: 未知, 音频编解码器: 未知
分类: 📚┃浙江频道, 名称: 萧山新闻综合, 有效: 0, IPv4: 5, IPv6: 0, 最小延迟: — ms, 最高速率: 0.00 MiB/s, 平均速率: 0.00 MiB/s, 最高分辨率: —, 平均帧率: 未知, 视频编解码器: 未知, 音频编解码器: 未知
分类: 📚┃浙江频道, 名称: 苍南新闻综合, 有效: 0, IPv4: 3, IPv6: 0, 最小延迟: 239 ms, 最高速率: 0.47 MiB/s, 平均速率: 0.00 MiB/s, 最高分辨率: 1920x1080, 平均帧率: 未知, 视频编解码器: 未知, 音频编解码器: 未知
分类: 📚┃浙江频道, 名称: 绍兴电视台公共, 有效: 1, IPv4: 4, IPv6: 0, 最小延迟: 208 ms, 最高速率: 0.23 MiB/s, 平均速率: 0.23 MiB/s, 最高分辨率: 1280x720, 平均帧率: 未知, 视频编解码器: 未知, 音频编解码器: 未知
分类: 📚┃浙江频道, 名称: 缙云综合, 有效: 0, IPv4: 3, IPv6: 0, 最小延迟: — ms, 最高速率: 0.00 MiB/s, 平均速率: 0.00 MiB/s, 最高分辨率: 1280x720, 平均帧率: 未知, 视频编解码器: 未知, 音频编解码器: 未知
分类: 📚┃浙江频道, 名称: 绍兴新闻综合, 有效: 0, IPv4: 5, IPv6: 0, 最小延迟: 857 ms, 最高速率: 0.13 MiB/s, 平均速率: 0.00 MiB/s, 最高分辨率: —, 平均帧率: 未知, 视频编解码器: 未知, 音频编解码器: 未知
分类: 📚┃浙江频道, 名称: 绍兴文化影院, 有效: 1, IPv4: 4, IPv6: 0, 最小延迟: 198 ms, 最高速率: 0.26 MiB/s, 平均速率: 0.26 MiB/s, 最高分辨率: 1280x720, 平均帧率: 25.0, 视频编解码器: h264, 音频编解码器: aac
分类: 📚┃浙江频道, 名称: 海宁新闻综合, 有效: 2, IPv4: 2, IPv6: 0, 最小延迟: 593 ms, 最高速率: 1.10 MiB/s, 平均速率: 0.94 MiB/s, 最高分辨率: 1280x720, 平均帧率: 未知, 视频编解码器: 未知, 音频编解码器: 未知
分类: 📚┃浙江频道, 名称: 洞头综合, 有效: 0, IPv4: 3, IPv6: 0, 最小延迟: — ms, 最高速率: 0.00 MiB/s, 平均速率: 0.00 MiB/s, 最高分辨率: —, 平均帧率: 未知, 视频编解码器: 未知, 音频编解码器: 未知
分类: 📚┃浙江频道, 名称: 永嘉新闻综合, 有效: 0, IPv4: 2, IPv6: 0, 最小延迟: — ms, 最高速率: 0.00 MiB/s, 平均速率: 0.00 MiB/s, 最高分辨率: —, 平均帧率: 未知, 视频编解码器: 未知, 音频编解码器: 未知
分类: 📚┃浙江频道, 名称: 武义新闻综合, 有效: 0, IPv4: 3, IPv6: 0, 最小延迟: — ms, 最高速率: 0.00 MiB/s, 平均速率: 0.00 MiB/s, 最高分辨率: —, 平均帧率: 未知, 视频编解码器: 未知, 音频编解码器: 未知
分类: 📚┃浙江频道, 名称: 松阳综合, 有效: 0, IPv4: 2, IPv6: 0, 最小延迟: 1415 ms, 最高速率: 0.04 MiB/s, 平均速率: 0.00 MiB/s, 最高分辨率: —, 平均帧率: 未知, 视频编解码器: 未知, 音频编解码器: 未知
分类: 📚┃浙江频道, 名称: 普陀电视台, 有效: 1, IPv4: 3, IPv6: 0, 最小延迟: 236 ms, 最高速率: 0.37 MiB/s, 平均速率: 0.37 MiB/s, 最高分辨率: 1280x720, 平均帧率: 未知, 视频编解码器: 未知, 音频编解码器: 未知
分类: 📚┃浙江频道, 名称: 新昌生活, 有效: 0, IPv4: 1, IPv6: 0, 最小延迟: — ms, 最高速率: 0.00 MiB/s, 平均速率: 0.00 MiB/s, 最高分辨率: —, 平均帧率: 未知, 视频编解码器: 未知, 音频编解码器: 未知
分类: 📚┃浙江频道, 名称: 文成综合, 有效: 0, IPv4: 4, IPv6: 0, 最小延迟: — ms, 最高速率: 0.00 MiB/s, 平均速率: 0.00 MiB/s, 最高分辨率: —, 平均帧率: 未知, 视频编解码器: 未知, 音频编解码器: 未知
分类: 📚┃浙江频道, 名称: 新昌新闻综合, 有效: 0, IPv4: 2, IPv6: 0, 最小延迟: 1547 ms, 最高速率: 0.04 MiB/s, 平均速率: 0.00 MiB/s, 最高分辨率: —, 平均帧率: 未知, 视频编解码器: 未知, 音频编解码器: 未知
分类: 📚┃浙江频道, 名称: 德清文化生活, 有效: 0, IPv4: 1, IPv6: 0, 最小延迟: — ms, 最高速率: 0.00 MiB/s, 平均速率: 0.00 MiB/s, 最高分辨率: —, 平均帧率: 未知, 视频编解码器: 未知, 音频编解码器: 未知
分类: 📚┃浙江频道, 名称: 开化新闻综合, 有效: 0, IPv4: 2, IPv6: 0, 最小延迟: 1666 ms, 最高速率: 0.03 MiB/s, 平均速率: 0.00 MiB/s, 最高分辨率: —, 平均帧率: 未知, 视频编解码器: 未知, 音频编解码器: 未知
分类: 📚┃浙江频道, 名称: 开化国家公园, 有效: 0, IPv4: 4, IPv6: 0, 最小延迟: 1818 ms, 最高速率: 0.02 MiB/s, 平均速率: 0.00 MiB/s, 最高分辨率: —, 平均帧率: 未知, 视频编解码器: 未知, 音频编解码器: 未知
分类: 📚┃浙江频道, 名称: 庆元综合, 有效: 0, IPv4: 4, IPv6: 0, 最小延迟: — ms, 最高速率: 0.00 MiB/s, 平均速率: 0.00 MiB/s, 最高分辨率: —, 平均帧率: 未知, 视频编解码器: 未知, 音频编解码器: 未知
分类: 📚┃浙江频道, 名称: 平湖民生休闲, 有效: 0, IPv4: 3, IPv6: 0, 最小延迟: 1581 ms, 最高速率: 0.03 MiB/s, 平均速率: 0.00 MiB/s, 最高分辨率: —, 平均帧率: 未知, 视频编解码器: 未知, 音频编解码器: 未知
分类: 📚┃浙江频道, 名称: 平湖新闻综合, 有效: 0, IPv4: 3, IPv6: 0, 最小延迟: 1974 ms, 最高速率: 0.00 MiB/s, 平均速率: 0.00 MiB/s, 最高分辨率: —, 平均帧率: 未知, 视频编解码器: 未知, 音频编解码器: 未知
分类: 📚┃浙江频道, 名称: 嵊泗综合, 有效: 0, IPv4: 2, IPv6: 0, 最小延迟: — ms, 最高速率: 0.00 MiB/s, 平均速率: 0.00 MiB/s, 最高分辨率: —, 平均帧率: 未知, 视频编解码器: 未知, 音频编解码器: 未知
分类: 📚┃浙江频道, 名称: 嵊州新闻综合, 有效: 1, IPv4: 3, IPv6: 0, 最小延迟: 252 ms, 最高速率: 0.47 MiB/s, 平均速率: 0.47 MiB/s, 最高分辨率: 1280x720, 平均帧率: 未知, 视频编解码器: 未知, 音频编解码器: 未知
分类: 📚┃浙江频道, 名称: 兰溪新闻综合, 有效: 0, IPv4: 3, IPv6: 0, 最小延迟: 1536 ms, 最高速率: 0.02 MiB/s, 平均速率: 0.00 MiB/s, 最高分辨率: —, 平均帧率: 未知, 视频编解码器: 未知, 音频编解码器: 未知
分类: 📚┃浙江频道, 名称: 余杭综合, 有效: 0, IPv4: 4, IPv6: 0, 最小延迟: 624 ms, 最高速率: 0.23 MiB/s, 平均速率: 0.00 MiB/s, 最高分辨率: 1920x1080, 平均帧率: 25.0, 视频编解码器: h264, 音频编解码器: aac
分类: 📚┃浙江频道, 名称: 余姚综合, 有效: 0, IPv4: 3, IPv6: 0, 最小延迟: 793 ms, 最高速率: 0.23 MiB/s, 平均速率: 0.00 MiB/s, 最高分辨率: 1920x1080, 平均帧率: 未知, 视频编解码器: 未知, 音频编解码器: 未知
分类: 📚┃浙江频道, 名称: 余杭未来E, 有效: 0, IPv4: 2, IPv6: 0, 最小延迟: 991 ms, 最高速率: 0.05 MiB/s, 平均速率: 0.00 MiB/s, 最高分辨率: —, 平均帧率: 未知, 视频编解码器: 未知, 音频编解码器: 未知
分类: 📚┃浙江频道, 名称: 余姚新闻综合, 有效: 0, IPv4: 3, IPv6: 0, 最小延迟: — ms, 最高速率: 0.00 MiB/s, 平均速率: 0.00 MiB/s, 最高分辨率: —, 平均帧率: 未知, 视频编解码器: 未知, 音频编解码器: 未知
分类: 📚┃浙江频道, 名称: 余姚姚江文化, 有效: 0, IPv4: 4, IPv6: 0, 最小延迟: 455 ms, 最高速率: 0.11 MiB/s, 平均速率: 0.00 MiB/s, 最高分辨率: —, 平均帧率: 未知, 视频编解码器: 未知, 音频编解码器: 未知
分类: 📚┃浙江频道, 名称: 中国蓝新闻, 有效: 1, IPv4: 3, IPv6: 0, 最小延迟: 169 ms, 最高速率: 0.95 MiB/s, 平均速率: 0.95 MiB/s, 最高分辨率: 1920x1080, 平均帧率: 25.0, 视频编解码器: h264, 音频编解码器: aac
分类: 📚┃浙江频道, 名称: 义乌新闻综合, 有效: 0, IPv4: 1, IPv6: 0, 最小延迟: — ms, 最高速率: 0.00 MiB/s, 平均速率: 0.00 MiB/s, 最高分辨率: —, 平均帧率: 未知, 视频编解码器: 未知, 音频编解码器: 未知
分类: 📚┃浙江频道, 名称: 云和新闻综合, 有效: 0, IPv4: 2, IPv6: 0, 最小延迟: 1160 ms, 最高速率: 0.04 MiB/s, 平均速率: 0.00 MiB/s, 最高分辨率: 1280x720, 平均帧率: 未知, 视频编解码器: 未知, 音频编解码器: 未知
分类: 📚┃浙江频道, 名称: 上虞新闻综合, 有效: 0, IPv4: 3, IPv6: 0, 最小延迟: 1169 ms, 最高速率: 0.05 MiB/s, 平均速率: 0.00 MiB/s, 最高分辨率: —, 平均帧率: 未知, 视频编解码器: 未知, 音频编解码器: 未知
分类: 📚┃浙江频道, 名称: 上虞新商都, 有效: 0, IPv4: 4, IPv6: 0, 最小延迟: 858 ms, 最高速率: 0.15 MiB/s, 平均速率: 0.00 MiB/s, 最高分辨率: —, 平均帧率: 未知, 视频编解码器: 未知, 音频编解码器: 未知
分类: 📚┃浙江频道, 名称: 东阳影视生活, 有效: 0, IPv4: 1, IPv6: 0, 最小延迟: — ms, 最高速率: 0.00 MiB/s, 平均速率: 0.00 MiB/s, 最高分辨率: 1280x720, 平均帧率: 未知, 视频编解码器: 未知, 音频编解码器: 未知
分类: 📚┃北京频道, 名称: 北京卡酷少儿, 有效: 6, IPv4: 9, IPv6: 0, 最小延迟: 48 ms, 最高速率: 21.95 MiB/s, 平均速率: 13.79 MiB/s, 最高分辨率: 1920x1080, 平均帧率: 未知, 视频编解码器: 未知, 音频编解码器: 未知
分类: 📚┃北京频道, 名称: 北京新闻, 有效: 2, IPv4: 11, IPv6: 0, 最小延迟: 20 ms, 最高速率: 2.97 MiB/s, 平均速率: 2.52 MiB/s, 最高分辨率: 1920x1080, 平均帧率: 25.0, 视频编解码器: h264, 音频编解码器: aac
分类: 📚┃北京频道, 名称: 北京生活, 有效: 1, IPv4: 13, IPv6: 0, 最小延迟: 75 ms, 最高速率: 5.33 MiB/s, 平均速率: 5.33 MiB/s, 最高分辨率: 1920x1080, 平均帧率: 25.0, 视频编解码器: h264, 音频编解码器: aac
分类: 📚┃北京频道, 名称: 北京财经, 有效: 2, IPv4: 14, IPv6: 0, 最小延迟: 50 ms, 最高速率: 6.39 MiB/s, 平均速率: 5.86 MiB/s, 最高分辨率: 1920x1080, 平均帧率: 25.0, 视频编解码器: h264, 音频编解码器: aac
分类: 📚┃北京频道, 名称: 北京科教, 有效: 0, IPv4: 2, IPv6: 0, 最小延迟: — ms, 最高速率: 0.00 MiB/s, 平均速率: 0.00 MiB/s, 最高分辨率: —, 平均帧率: 未知, 视频编解码器: 未知, 音频编解码器: 未知
分类: 📚┃北京频道, 名称: 北京青年, 有效: 0, IPv4: 4, IPv6: 0, 最小延迟: — ms, 最高速率: 0.00 MiB/s, 平均速率: 0.00 MiB/s, 最高分辨率: —, 平均帧率: 未知, 视频编解码器: 未知, 音频编解码器: 未知
分类: 📚┃北京频道, 名称: 石景山有线, 有效: 0, IPv4: 1, IPv6: 0, 最小延迟: — ms, 最高速率: 0.00 MiB/s, 平均速率: 0.00 MiB/s, 最高分辨率: —, 平均帧率: 未知, 视频编解码器: 未知, 音频编解码器: 未知
分类: 📚┃上海频道, 名称: 七彩戏剧, 有效: 0, IPv4: 1, IPv6: 0, 最小延迟: — ms, 最高速率: 0.00 MiB/s, 平均速率: 0.00 MiB/s, 最高分辨率: —, 平均帧率: 未知, 视频编解码器: 未知, 音频编解码器: 未知
分类: 📚┃上海频道, 名称: 上海外语, 有效: 0, IPv4: 3, IPv6: 0, 最小延迟: — ms, 最高速率: 0.00 MiB/s, 平均速率: 0.00 MiB/s, 最高分辨率: —, 平均帧率: 未知, 视频编解码器: 未知, 音频编解码器: 未知
分类: 📚┃上海频道, 名称: 上海教育, 有效: 4, IPv4: 9, IPv6: 0, 最小延迟: 72 ms, 最高速率: 44.46 MiB/s, 平均速率: 15.09 MiB/s, 最高分辨率: 1920x1080, 平均帧率: 未知, 视频编解码器: 未知, 音频编解码器: 未知
分类: 📚┃上海频道, 名称: 上海新闻综合, 有效: 5, IPv4: 17, IPv6: 0, 最小延迟: 84 ms, 最高速率: 39.72 MiB/s, 平均速率: 28.55 MiB/s, 最高分辨率: 1920x1080, 平均帧率: 25.0, 视频编解码器: h264, 音频编解码器: aac
分类: 📚┃上海频道, 名称: 上海第一财经, 有效: 1, IPv4: 14, IPv6: 0, 最小延迟: 21 ms, 最高速率: 1.99 MiB/s, 平均速率: 1.99 MiB/s, 最高分辨率: 854x480, 平均帧率: 25.0, 视频编解码器: h264, 音频编解码器: aac
分类: 📚┃上海频道, 名称: 上海都市, 有效: 4, IPv4: 8, IPv6: 0, 最小延迟: 75 ms, 最高速率: 40.15 MiB/s, 平均速率: 16.40 MiB/s, 最高分辨率: 1920x1080, 平均帧率: 25.0, 视频编解码器: h264, 音频编解码器: aac
分类: 📚┃上海频道, 名称: 东方影视, 有效: 7, IPv4: 10, IPv6: 0, 最小延迟: 47 ms, 最高速率: 57.54 MiB/s, 平均速率: 32.74 MiB/s, 最高分辨率: 1920x1080, 平均帧率: 25.0, 视频编解码器: h264, 音频编解码器: aac
分类: 📚┃上海频道, 名称: 东方财经, 有效: 2, IPv4: 12, IPv6: 0, 最小延迟: 110 ms, 最高速率: 30.90 MiB/s, 平均速率: 29.54 MiB/s, 最高分辨率: 1920x1080, 平均帧率: 25.0, 视频编解码器: h264, 音频编解码器: mp2
分类: 📚┃上海频道, 名称: 全纪实, 有效: 0, IPv4: 2, IPv6: 0, 最小延迟: — ms, 最高速率: 0.00 MiB/s, 平均速率: 0.00 MiB/s, 最高分辨率: —, 平均帧率: 未知, 视频编解码器: 未知, 音频编解码器: 未知
分类: 📚┃上海频道, 名称: 动漫秀场, 有效: 4, IPv4: 21, IPv6: 0, 最小延迟: 60 ms, 最高速率: 50.25 MiB/s, 平均速率: 42.70 MiB/s, 最高分辨率: 1920x1080, 平均帧率: 25.0, 视频编解码器: h264, 音频编解码器: mp2
分类: 📚┃上海频道, 名称: 哈哈炫动, 有效: 7, IPv4: 8, IPv6: 0, 最小延迟: 44 ms, 最高速率: 66.35 MiB/s, 平均速率: 38.11 MiB/s, 最高分辨率: 1920x1080, 平均帧率: 未知, 视频编解码器: 未知, 音频编解码器: 未知
分类: 📚┃上海频道, 名称: 新闻综合, 有效: 2, IPv4: 12, IPv6: 0, 最小延迟: 343 ms, 最高速率: 0.81 MiB/s, 平均速率: 0.67 MiB/s, 最高分辨率: 1920x1080, 平均帧率: 未知, 视频编解码器: 未知, 音频编解码器: 未知
分类: 📚┃上海频道, 名称: 欢笑剧场, 有效: 6, IPv4: 6, IPv6: 0, 最小延迟: 48 ms, 最高速率: 61.81 MiB/s, 平均速率: 31.31 MiB/s, 最高分辨率: 1920x1080, 平均帧率: 未知, 视频编解码器: 未知, 音频编解码器: 未知
分类: 📚┃上海频道, 名称: 法治天地, 有效: 5, IPv4: 12, IPv6: 0, 最小延迟: 76 ms, 最高速率: 34.10 MiB/s, 平均速率: 22.42 MiB/s, 最高分辨率: 1920x1080, 平均帧率: 25.0, 视频编解码器: h264, 音频编解码器: mp2
分类: 📚┃上海频道, 名称: 生活时尚, 有效: 7, IPv4: 8, IPv6: 0, 最小延迟: 63 ms, 最高速率: 47.82 MiB/s, 平均速率: 26.87 MiB/s, 最高分辨率: 1920x1080, 平均帧率: 25.0, 视频编解码器: h264, 音频编解码器: aac
分类: 📚┃上海频道, 名称: 第一财经, 有效: 6, IPv4: 9, IPv6: 0, 最小延迟: 51 ms, 最高速率: 58.00 MiB/s, 平均速率: 29.95 MiB/s, 最高分辨率: 1920x1080, 平均帧率: 未知, 视频编解码器: 未知, 音频编解码器: 未知
分类: 📚┃上海频道, 名称: 都市剧场, 有效: 8, IPv4: 10, IPv6: 0, 最小延迟: 47 ms, 最高速率: 62.93 MiB/s, 平均速率: 28.23 MiB/s, 最高分辨率: 1920x1080, 平均帧率: 25.0, 视频编解码器: h264, 音频编解码器: aac
分类: 📚┃重庆频道, 名称: 万源新闻综合, 有效: 0, IPv4: 2, IPv6: 0, 最小延迟: — ms, 最高速率: 0.00 MiB/s, 平均速率: 0.00 MiB/s, 最高分辨率: —, 平均帧率: 未知, 视频编解码器: 未知, 音频编解码器: 未知
分类: 📚┃重庆频道, 名称: 铜梁综合, 有效: 0, IPv4: 4, IPv6: 0, 最小延迟: 259 ms, 最高速率: 0.10 MiB/s, 平均速率: 0.00 MiB/s, 最高分辨率: —, 平均帧率: 未知, 视频编解码器: 未知, 音频编解码器: 未知
分类: 📚┃重庆频道, 名称: 璧山综合, 有效: 0, IPv4: 2, IPv6: 0, 最小延迟: 973 ms, 最高速率: 0.09 MiB/s, 平均速率: 0.00 MiB/s, 最高分辨率: —, 平均帧率: 未知, 视频编解码器: 未知, 音频编解码器: 未知
分类: 📚┃重庆频道, 名称: 重庆汽摩, 有效: 2, IPv4: 6, IPv6: 0, 最小延迟: 76 ms, 最高速率: 2.56 MiB/s, 平均速率: 2.05 MiB/s, 最高分辨率: 1280x720, 平均帧率: 25.0, 视频编解码器: h264, 音频编解码器: aac
分类: 📚┃重庆频道, 名称: 荣昌综合, 有效: 0, IPv4: 2, IPv6: 0, 最小延迟: 692 ms, 最高速率: 0.13 MiB/s, 平均速率: 0.00 MiB/s, 最高分辨率: —, 平均帧率: 未知, 视频编解码器: 未知, 音频编解码器: 未知
分类: 📚┃重庆频道, 名称: 江津新闻综合, 有效: 0, IPv4: 2, IPv6: 0, 最小延迟: 443 ms, 最高速率: 0.09 MiB/s, 平均速率: 0.00 MiB/s, 最高分辨率: —, 平均帧率: 未知, 视频编解码器: 未知, 音频编解码器: 未知
分类: 📚┃重庆频道, 名称: 涪陵电视台, 有效: 0, IPv4: 1, IPv6: 0, 最小延迟: 454 ms, 最高速率: 0.12 MiB/s, 平均速率: 0.00 MiB/s, 最高分辨率: —, 平均帧率: 未知, 视频编解码器: 未知, 音频编解码器: 未知
分类: 📚┃重庆频道, 名称: 潼南综合, 有效: 0, IPv4: 1, IPv6: 0, 最小延迟: — ms, 最高速率: 0.00 MiB/s, 平均速率: 0.00 MiB/s, 最高分辨率: —, 平均帧率: 未知, 视频编解码器: 未知, 音频编解码器: 未知
分类: 📚┃重庆频道, 名称: 武隆综合, 有效: 0, IPv4: 1, IPv6: 0, 最小延迟: — ms, 最高速率: 0.00 MiB/s, 平均速率: 0.00 MiB/s, 最高分辨率: —, 平均帧率: 未知, 视频编解码器: 未知, 音频编解码器: 未知
分类: 📚┃重庆频道, 名称: 垫江综合, 有效: 0, IPv4: 1, IPv6: 0, 最小延迟: — ms, 最高速率: 0.00 MiB/s, 平均速率: 0.00 MiB/s, 最高分辨率: —, 平均帧率: 未知, 视频编解码器: 未知, 音频编解码器: 未知
分类: 📚┃重庆频道, 名称: 北碚综合, 有效: 0, IPv4: 1, IPv6: 0, 最小延迟: — ms, 最高速率: 0.00 MiB/s, 平均速率: 0.00 MiB/s, 最高分辨率: —, 平均帧率: 未知, 视频编解码器: 未知, 音频编解码器: 未知
分类: 📚┃重庆频道, 名称: 万州综合, 有效: 0, IPv4: 4, IPv6: 0, 最小延迟: — ms, 最高速率: 0.00 MiB/s, 平均速率: 0.00 MiB/s, 最高分辨率: —, 平均帧率: 未知, 视频编解码器: 未知, 音频编解码器: 未知
分类: 📚┃重庆频道, 名称: 重庆新闻, 有效: 2, IPv4: 6, IPv6: 0, 最小延迟: 75 ms, 最高速率: 4.27 MiB/s, 平均速率: 4.27 MiB/s, 最高分辨率: 1920x1080, 平均帧率: 未知, 视频编解码器: h264, 音频编解码器: mp2
分类: 📚┃重庆频道, 名称: 万州三峡移民, 有效: 0, IPv4: 3, IPv6: 0, 最小延迟: — ms, 最高速率: 0.00 MiB/s, 平均速率: 0.00 MiB/s, 最高分辨率: —, 平均帧率: 未知, 视频编解码器: 未知, 音频编解码器: 未知
分类: 📚┃重庆频道, 名称: 重庆时尚购物, 有效: 0, IPv4: 1, IPv6: 0, 最小延迟: — ms, 最高速率: 0.00 MiB/s, 平均速率: 0.00 MiB/s, 最高分辨率: —, 平均帧率: 未知, 视频编解码器: 未知, 音频编解码器: 未知
分类: 🎬┃电影频道, 名称: CHC家庭影院, 有效: 5, IPv4: 6, IPv6: 0, 最小延迟: 44 ms, 最高速率: 66.80 MiB/s, 平均速率: 25.66 MiB/s, 最高分辨率: 1920x1080, 平均帧率: 未知, 视频编解码器: 未知, 音频编解码器: 未知
分类: 🎬┃电影频道, 名称: CHC动作电影, 有效: 6, IPv4: 12, IPv6: 0, 最小延迟: 50 ms, 最高速率: 57.93 MiB/s, 平均速率: 19.21 MiB/s, 最高分辨率: 1920x1080, 平均帧率: 25.0, 视频编解码器: h264, 音频编解码器: aac
分类: 🎬┃电影频道, 名称: 动作电影, 有效: 4, IPv4: 13, IPv6: 0, 最小延迟: 71 ms, 最高速率: 45.72 MiB/s, 平均速率: 21.70 MiB/s, 最高分辨率: 1920x1080, 平均帧率: 25.0, 视频编解码器: h264, 音频编解码器: aac
分类: 🎬┃电影频道, 名称: CHC高清电影, 有效: 0, IPv4: 5, IPv6: 0, 最小延迟: 411 ms, 最高速率: 0.04 MiB/s, 平均速率: 0.00 MiB/s, 最高分辨率: —, 平均帧率: 未知, 视频编解码器: 未知, 音频编解码器: 未知
分类: 🎬┃电影频道, 名称: 淘剧场, 有效: 0, IPv4: 3, IPv6: 0, 最小延迟: 403 ms, 最高速率: 0.41 MiB/s, 平均速率: 0.00 MiB/s, 最高分辨率: —, 平均帧率: 未知, 视频编解码器: 未知, 音频编解码器: 未知
分类: 🎬┃电影频道, 名称: 淘娱乐, 有效: 0, IPv4: 3, IPv6: 0, 最小延迟: — ms, 最高速率: 0.00 MiB/s, 平均速率: 0.00 MiB/s, 最高分辨率: —, 平均帧率: 未知, 视频编解码器: 未知, 音频编解码器: 未知
分类: 🎬┃电影频道, 名称: NewTV惊悚悬疑, 有效: 0, IPv4: 2, IPv6: 0, 最小延迟: — ms, 最高速率: 0.00 MiB/s, 平均速率: 0.00 MiB/s, 最高分辨率: —, 平均帧率: 未知, 视频编解码器: 未知, 音频编解码器: 未知
分类: 🎬┃电影频道, 名称: NewTV动作电影, 有效: 0, IPv4: 3, IPv6: 0, 最小延迟: — ms, 最高速率: 0.00 MiB/s, 平均速率: 0.00 MiB/s, 最高分辨率: —, 平均帧率: 未知, 视频编解码器: 未知, 音频编解码器: 未知
分类: 🎬┃电影频道, 名称: 黑莓电影, 有效: 2, IPv4: 12, IPv6: 0, 最小延迟: 65 ms, 最高速率: 50.25 MiB/s, 平均速率: 44.74 MiB/s, 最高分辨率: 1920x1080, 平均帧率: 未知, 视频编解码器: 未知, 音频编解码器: 未知
分类: 🎬┃电影频道, 名称: 淘电影, 有效: 0, IPv4: 1, IPv6: 0, 最小延迟: 406 ms, 最高速率: 0.41 MiB/s, 平均速率: 0.00 MiB/s, 最高分辨率: —, 平均帧率: 25.0, 视频编解码器: h264, 音频编解码器: aac
分类: 🎬┃电影频道, 名称: 靖天映画, 有效: 0, IPv4: 11, IPv6: 0, 最小延迟: 224 ms, 最高速率: 0.06 MiB/s, 平均速率: 0.00 MiB/s, 最高分辨率: —, 平均帧率: 未知, 视频编解码器: 未知, 音频编解码器: 未知
分类: 🎬┃电影频道, 名称: 靖天戏剧, 有效: 0, IPv4: 10, IPv6: 0, 最小延迟: 228 ms, 最高速率: 0.27 MiB/s, 平均速率: 0.00 MiB/s, 最高分辨率: 1920x1080, 平均帧率: 30.0, 视频编解码器: h264, 音频编解码器: aac
分类: 🎬┃电影频道, 名称: 经典电影, 有效: 0, IPv4: 14, IPv6: 0, 最小延迟: 227 ms, 最高速率: 0.40 MiB/s, 平均速率: 0.00 MiB/s, 最高分辨率: 1920x1080, 平均帧率: 26.67, 视频编解码器: h264, 音频编解码器: mp2
分类: 🎬┃电影频道, 名称: IPTV经典电影, 有效: 0, IPv4: 4, IPv6: 0, 最小延迟: 399 ms, 最高速率: 0.19 MiB/s, 平均速率: 0.00 MiB/s, 最高分辨率: —, 平均帧率: 未知, 视频编解码器: 未知, 音频编解码器: 未知
分类: 🎬┃电影频道, 名称: 天映经典, 有效: 1, IPv4: 16, IPv6: 0, 最小延迟: 291 ms, 最高速率: 1.99 MiB/s, 平均速率: 1.99 MiB/s, 最高分辨率: 1920x1080, 平均帧率: 未知, 视频编解码器: 未知, 音频编解码器: 未知
分类: 🎬┃电影频道, 名称: 星空卫视, 有效: 0, IPv4: 12, IPv6: 0, 最小延迟: 228 ms, 最高速率: 0.41 MiB/s, 平均速率: 0.00 MiB/s, 最高分辨率: 1920x1080, 平均帧率: 30.0, 视频编解码器: h264, 音频编解码器: aac
分类: 🎬┃电影频道, 名称: 私人影院, 有效: 0, IPv4: 1, IPv6: 0, 最小延迟: — ms, 最高速率: 0.00 MiB/s, 平均速率: 0.00 MiB/s, 最高分辨率: —, 平均帧率: 未知, 视频编解码器: 未知, 音频编解码器: 未知
分类: 🎬┃电影频道, 名称: 龙祥电影, 有效: 2, IPv4: 6, IPv6: 0, 最小延迟: 478 ms, 最高速率: 1.05 MiB/s, 平均速率: 0.97 MiB/s, 最高分辨率: 1280x720, 平均帧率: 30.0, 视频编解码器: h264, 音频编解码器: aac
分类: 🎬┃电影频道, 名称: 东森洋片, 有效: 3, IPv4: 15, IPv6: 0, 最小延迟: 228 ms, 最高速率: 1.67 MiB/s, 平均速率: 0.84 MiB/s, 最高分辨率: 1920x1080, 平均帧率: 28.75, 视频编解码器: h264, 音频编解码器: aac
分类: 💰┃付费频道, 名称: 文化精品, 有效: 9, IPv4: 14, IPv6: 0, 最小延迟: 52 ms, 最高速率: 57.91 MiB/s, 平均速率: 13.39 MiB/s, 最高分辨率: 1920x1080, 平均帧率: 25.0, 视频编解码器: h264, 音频编解码器: aac
分类: 💰┃付费频道, 名称: 央视台球, 有效: 7, IPv4: 9, IPv6: 0, 最小延迟: 51 ms, 最高速率: 51.31 MiB/s, 平均速率: 16.93 MiB/s, 最高分辨率: 1920x1080, 平均帧率: 未知, 视频编解码器: 未知, 音频编解码器: 未知
分类: 💰┃付费频道, 名称: 风云音乐, 有效: 7, IPv4: 18, IPv6: 0, 最小延迟: 54 ms, 最高速率: 54.57 MiB/s, 平均速率: 15.07 MiB/s, 最高分辨率: 1920x1080, 平均帧率: 25.0, 视频编解码器: h264, 音频编解码器: mp2
分类: 💰┃付费频道, 名称: 第一剧场, 有效: 6, IPv4: 6, IPv6: 0, 最小延迟: 50 ms, 最高速率: 42.10 MiB/s, 平均速率: 17.56 MiB/s, 最高分辨率: 1920x1080, 平均帧率: 未知, 视频编解码器: 未知, 音频编解码器: 未知
分类: 💰┃付费频道, 名称: 风云剧场, 有效: 6, IPv4: 7, IPv6: 0, 最小延迟: 43 ms, 最高速率: 65.34 MiB/s, 平均速率: 22.76 MiB/s, 最高分辨率: 1920x1080, 平均帧率: 未知, 视频编解码器: 未知, 音频编解码器: 未知
分类: 💰┃付费频道, 名称: 怀旧剧场, 有效: 7, IPv4: 8, IPv6: 0, 最小延迟: 49 ms, 最高速率: 50.33 MiB/s, 平均速率: 18.09 MiB/s, 最高分辨率: 1920x1080, 平均帧率: 未知, 视频编解码器: 未知, 音频编解码器: 未知
分类: 💰┃付费频道, 名称: 女性时尚, 有效: 9, IPv4: 18, IPv6: 0, 最小延迟: 54 ms, 最高速率: 51.81 MiB/s, 平均速率: 13.02 MiB/s, 最高分辨率: 1920x1080, 平均帧率: 25.0, 视频编解码器: h264, 音频编解码器: aac
分类: 💰┃付费频道, 名称: 高尔夫网球, 有效: 7, IPv4: 17, IPv6: 0, 最小延迟: 53 ms, 最高速率: 45.90 MiB/s, 平均速率: 12.75 MiB/s, 最高分辨率: 1920x1080, 平均帧率: 25.0, 视频编解码器: h264, 音频编解码器: aac
分类: 💰┃付费频道, 名称: 风云足球, 有效: 6, IPv4: 23, IPv6: 0, 最小延迟: 50 ms, 最高速率: 61.07 MiB/s, 平均速率: 20.16 MiB/s, 最高分辨率: 1920x1080, 平均帧率: 25.0, 视频编解码器: h264, 音频编解码器: aac
分类: 💰┃付费频道, 名称: 电视指南, 有效: 4, IPv4: 25, IPv6: 0, 最小延迟: 60 ms, 最高速率: 0.55 MiB/s, 平均速率: 0.50 MiB/s, 最高分辨率: 1920x1080, 平均帧率: 25.0, 视频编解码器: h264, 音频编解码器: aac
分类: 💰┃付费频道, 名称: 世界地理, 有效: 6, IPv4: 31, IPv6: 0, 最小延迟: 63 ms, 最高速率: 39.42 MiB/s, 平均速率: 12.66 MiB/s, 最高分辨率: 1920x1080, 平均帧率: 25.0, 视频编解码器: h264, 音频编解码器: mp2
分类: 💰┃付费频道, 名称: 兵器科技, 有效: 9, IPv4: 15, IPv6: 0, 最小延迟: 48 ms, 最高速率: 43.73 MiB/s, 平均速率: 12.52 MiB/s, 最高分辨率: 1920x1080, 平均帧率: 25.0, 视频编解码器: h264, 音频编解码器: aac
分类: 🎥┃咪咕直播, 名称: 咪咕直播1, 有效: 0, IPv4: 2, IPv6: 0, 最小延迟: — ms, 最高速率: 0.00 MiB/s, 平均速率: 0.00 MiB/s, 最高分辨率: —, 平均帧率: 未知, 视频编解码器: 未知, 音频编解码器: 未知
分类: 🎥┃咪咕直播, 名称: 咪咕直播2, 有效: 0, IPv4: 2, IPv6: 0, 最小延迟: — ms, 最高速率: 0.00 MiB/s, 平均速率: 0.00 MiB/s, 最高分辨率: —, 平均帧率: 未知, 视频编解码器: 未知, 音频编解码器: 未知
分类: 🎥┃咪咕直播, 名称: 咪咕直播3, 有效: 0, IPv4: 2, IPv6: 0, 最小延迟: — ms, 最高速率: 0.00 MiB/s, 平均速率: 0.00 MiB/s, 最高分辨率: —, 平均帧率: 未知, 视频编解码器: 未知, 音频编解码器: 未知
分类: 🎥┃咪咕直播, 名称: 咪咕直播4, 有效: 0, IPv4: 2, IPv6: 0, 最小延迟: — ms, 最高速率: 0.00 MiB/s, 平均速率: 0.00 MiB/s, 最高分辨率: —, 平均帧率: 未知, 视频编解码器: 未知, 音频编解码器: 未知
分类: 🎥┃咪咕直播, 名称: 咪咕直播5, 有效: 0, IPv4: 2, IPv6: 0, 最小延迟: — ms, 最高速率: 0.00 MiB/s, 平均速率: 0.00 MiB/s, 最高分辨率: —, 平均帧率: 未知, 视频编解码器: 未知, 音频编解码器: 未知
分类: 🎥┃咪咕直播, 名称: 咪咕直播6, 有效: 0, IPv4: 2, IPv6: 0, 最小延迟: — ms, 最高速率: 0.00 MiB/s, 平均速率: 0.00 MiB/s, 最高分辨率: —, 平均帧率: 未知, 视频编解码器: 未知, 音频编解码器: 未知
分类: 🎥┃咪咕直播, 名称: 咪咕直播7, 有效: 0, IPv4: 2, IPv6: 0, 最小延迟: — ms, 最高速率: 0.00 MiB/s, 平均速率: 0.00 MiB/s, 最高分辨率: —, 平均帧率: 未知, 视频编解码器: 未知, 音频编解码器: 未知
分类: 🎥┃咪咕直播, 名称: 咪咕直播8, 有效: 0, IPv4: 2, IPv6: 0, 最小延迟: — ms, 最高速率: 0.00 MiB/s, 平均速率: 0.00 MiB/s, 最高分辨率: —, 平均帧率: 未知, 视频编解码器: 未知, 音频编解码器: 未知
分类: 🎥┃咪咕直播, 名称: 咪咕直播9, 有效: 0, IPv4: 2, IPv6: 0, 最小延迟: — ms, 最高速率: 0.00 MiB/s, 平均速率: 0.00 MiB/s, 最高分辨率: —, 平均帧率: 未知, 视频编解码器: 未知, 音频编解码器: 未知
分类: 🎥┃咪咕直播, 名称: 咪咕直播10, 有效: 0, IPv4: 2, IPv6: 0, 最小延迟: — ms, 最高速率: 0.00 MiB/s, 平均速率: 0.00 MiB/s, 最高分辨率: —, 平均帧率: 未知, 视频编解码器: 未知, 音频编解码器: 未知
分类: 🎥┃咪咕直播, 名称: 咪咕直播11, 有效: 0, IPv4: 2, IPv6: 0, 最小延迟: — ms, 最高速率: 0.00 MiB/s, 平均速率: 0.00 MiB/s, 最高分辨率: —, 平均帧率: 未知, 视频编解码器: 未知, 音频编解码器: 未知
分类: 🎥┃咪咕直播, 名称: 咪咕直播12, 有效: 0, IPv4: 2, IPv6: 0, 最小延迟: — ms, 最高速率: 0.00 MiB/s, 平均速率: 0.00 MiB/s, 最高分辨率: —, 平均帧率: 未知, 视频编解码器: 未知, 音频编解码器: 未知
分类: 🎥┃咪咕直播, 名称: 咪咕直播13, 有效: 0, IPv4: 2, IPv6: 0, 最小延迟: — ms, 最高速率: 0.00 MiB/s, 平均速率: 0.00 MiB/s, 最高分辨率: —, 平均帧率: 未知, 视频编解码器: 未知, 音频编解码器: 未知
分类: 🎥┃咪咕直播, 名称: 咪咕直播14, 有效: 0, IPv4: 2, IPv6: 0, 最小延迟: — ms, 最高速率: 0.00 MiB/s, 平均速率: 0.00 MiB/s, 最高分辨率: —, 平均帧率: 未知, 视频编解码器: 未知, 音频编解码器: 未知
分类: 🎥┃咪咕直播, 名称: 咪咕直播15, 有效: 0, IPv4: 2, IPv6: 0, 最小延迟: — ms, 最高速率: 0.00 MiB/s, 平均速率: 0.00 MiB/s, 最高分辨率: —, 平均帧率: 未知, 视频编解码器: 未知, 音频编解码器: 未知
分类: 🎥┃咪咕直播, 名称: 咪咕直播16, 有效: 0, IPv4: 2, IPv6: 0, 最小延迟: — ms, 最高速率: 0.00 MiB/s, 平均速率: 0.00 MiB/s, 最高分辨率: —, 平均帧率: 未知, 视频编解码器: 未知, 音频编解码器: 未知
分类: 🎥┃咪咕直播, 名称: 咪咕直播17, 有效: 0, IPv4: 2, IPv6: 0, 最小延迟: — ms, 最高速率: 0.00 MiB/s, 平均速率: 0.00 MiB/s, 最高分辨率: —, 平均帧率: 未知, 视频编解码器: 未知, 音频编解码器: 未知
分类: 🎥┃咪咕直播, 名称: 咪咕直播18, 有效: 0, IPv4: 2, IPv6: 0, 最小延迟: — ms, 最高速率: 0.00 MiB/s, 平均速率: 0.00 MiB/s, 最高分辨率: —, 平均帧率: 未知, 视频编解码器: 未知, 音频编解码器: 未知
分类: 🎥┃咪咕直播, 名称: 咪咕直播19, 有效: 0, IPv4: 2, IPv6: 0, 最小延迟: — ms, 最高速率: 0.00 MiB/s, 平均速率: 0.00 MiB/s, 最高分辨率: —, 平均帧率: 未知, 视频编解码器: 未知, 音频编解码器: 未知
分类: 🎥┃咪咕直播, 名称: 咪咕直播20, 有效: 0, IPv4: 2, IPv6: 0, 最小延迟: — ms, 最高速率: 0.00 MiB/s, 平均速率: 0.00 MiB/s, 最高分辨率: —, 平均帧率: 未知, 视频编解码器: 未知, 音频编解码器: 未知
分类: 🎥┃咪咕直播, 名称: 咪咕直播21, 有效: 0, IPv4: 2, IPv6: 0, 最小延迟: — ms, 最高速率: 0.00 MiB/s, 平均速率: 0.00 MiB/s, 最高分辨率: —, 平均帧率: 未知, 视频编解码器: 未知, 音频编解码器: 未知
分类: 🎥┃咪咕直播, 名称: 咪咕直播22, 有效: 0, IPv4: 2, IPv6: 0, 最小延迟: — ms, 最高速率: 0.00 MiB/s, 平均速率: 0.00 MiB/s, 最高分辨率: —, 平均帧率: 未知, 视频编解码器: 未知, 音频编解码器: 未知
分类: 🎥┃咪咕直播, 名称: 咪咕直播23, 有效: 0, IPv4: 2, IPv6: 0, 最小延迟: — ms, 最高速率: 0.00 MiB/s, 平均速率: 0.00 MiB/s, 最高分辨率: —, 平均帧率: 未知, 视频编解码器: 未知, 音频编解码器: 未知
分类: 🎥┃咪咕直播, 名称: 咪咕直播24, 有效: 0, IPv4: 2, IPv6: 0, 最小延迟: — ms, 最高速率: 0.00 MiB/s, 平均速率: 0.00 MiB/s, 最高分辨率: —, 平均帧率: 未知, 视频编解码器: 未知, 音频编解码器: 未知
分类: 🎥┃咪咕直播, 名称: 咪咕直播25, 有效: 0, IPv4: 2, IPv6: 0, 最小延迟: — ms, 最高速率: 0.00 MiB/s, 平均速率: 0.00 MiB/s, 最高分辨率: —, 平均帧率: 未知, 视频编解码器: 未知, 音频编解码器: 未知
分类: 🎥┃咪咕直播, 名称: 咪咕直播26, 有效: 0, IPv4: 2, IPv6: 0, 最小延迟: — ms, 最高速率: 0.00 MiB/s, 平均速率: 0.00 MiB/s, 最高分辨率: —, 平均帧率: 未知, 视频编解码器: 未知, 音频编解码器: 未知
分类: 🎥┃咪咕直播, 名称: 咪咕直播27, 有效: 0, IPv4: 2, IPv6: 0, 最小延迟: — ms, 最高速率: 0.00 MiB/s, 平均速率: 0.00 MiB/s, 最高分辨率: —, 平均帧率: 未知, 视频编解码器: 未知, 音频编解码器: 未知
分类: 🎥┃咪咕直播, 名称: 咪咕直播28, 有效: 0, IPv4: 2, IPv6: 0, 最小延迟: — ms, 最高速率: 0.00 MiB/s, 平均速率: 0.00 MiB/s, 最高分辨率: —, 平均帧率: 未知, 视频编解码器: 未知, 音频编解码器: 未知
分类: 🎥┃咪咕直播, 名称: 咪咕直播29, 有效: 0, IPv4: 2, IPv6: 0, 最小延迟: — ms, 最高速率: 0.00 MiB/s, 平均速率: 0.00 MiB/s, 最高分辨率: —, 平均帧率: 未知, 视频编解码器: 未知, 音频编解码器: 未知
分类: 🎥┃咪咕直播, 名称: 咪咕直播30, 有效: 0, IPv4: 2, IPv6: 0, 最小延迟: — ms, 最高速率: 0.00 MiB/s, 平均速率: 0.00 MiB/s, 最高分辨率: —, 平均帧率: 未知, 视频编解码器: 未知, 音频编解码器: 未知
分类: 🏀┃体育频道, 名称: 五星体育, 有效: 6, IPv4: 6, IPv6: 0, 最小延迟: 46 ms, 最高速率: 62.51 MiB/s, 平均速率: 34.33 MiB/s, 最高分辨率: 1920x1080, 平均帧率: 未知, 视频编解码器: 未知, 音频编解码器: 未知
分类: 🏀┃体育频道, 名称: 劲爆体育, 有效: 0, IPv4: 4, IPv6: 0, 最小延迟: — ms, 最高速率: 0.00 MiB/s, 平均速率: 0.00 MiB/s, 最高分辨率: —, 平均帧率: 未知, 视频编解码器: 未知, 音频编解码器: 未知
分类: 🏀┃体育频道, 名称: 爱体育, 有效: 0, IPv4: 8, IPv6: 0, 最小延迟: 437 ms, 最高速率: 0.39 MiB/s, 平均速率: 0.00 MiB/s, 最高分辨率: 1920x1080, 平均帧率: 25.0, 视频编解码器: h264, 音频编解码器: aac
分类: 🏀┃体育频道, 名称: 体育赛事, 有效: 0, IPv4: 1, IPv6: 0, 最小延迟: — ms, 最高速率: 0.00 MiB/s, 平均速率: 0.00 MiB/s, 最高分辨率: —, 平均帧率: 未知, 视频编解码器: 未知, 音频编解码器: 未知
分类: 🏀┃体育频道, 名称: 超级体育, 有效: 0, IPv4: 7, IPv6: 0, 最小延迟: — ms, 最高速率: 0.00 MiB/s, 平均速率: 0.00 MiB/s, 最高分辨率: —, 平均帧率: 未知, 视频编解码器: 未知, 音频编解码器: 未知
分类: 🏀┃体育频道, 名称: 精品体育, 有效: 2, IPv4: 7, IPv6: 0, 最小延迟: 54 ms, 最高速率: 58.26 MiB/s, 平均速率: 52.62 MiB/s, 最高分辨率: 1920x1080, 平均帧率: 未知, 视频编解码器: 未知, 音频编解码器: 未知
分类: 🏀┃体育频道, 名称: 福建体育, 有效: 4, IPv4: 6, IPv6: 0, 最小延迟: 55 ms, 最高速率: 55.84 MiB/s, 平均速率: 40.13 MiB/s, 最高分辨率: 1920x1080, 平均帧率: 未知, 视频编解码器: 未知, 音频编解码器: 未知
分类: 🏀┃体育频道, 名称: 辽宁体育, 有效: 1, IPv4: 6, IPv6: 0, 最小延迟: 51 ms, 最高速率: 14.79 MiB/s, 平均速率: 4.75 MiB/s, 最高分辨率: 1280x720, 平均帧率: 25.0, 视频编解码器: h264, 音频编解码器: aac
分类: 🏀┃体育频道, 名称: 山东体育, 有效: 1, IPv4: 8, IPv6: 0, 最小延迟: 21 ms, 最高速率: 1.89 MiB/s, 平均速率: 1.89 MiB/s, 最高分辨率: —, 平均帧率: 未知, 视频编解码器: 未知, 音频编解码器: aac
分类: 🏀┃体育频道, 名称: 天津体育, 有效: 5, IPv4: 8, IPv6: 0, 最小延迟: 64 ms, 最高速率: 18.67 MiB/s, 平均速率: 8.79 MiB/s, 最高分辨率: 1280x720, 平均帧率: 未知, 视频编解码器: 未知, 音频编解码器: 未知
分类: 🏀┃体育频道, 名称: 江苏体育, 有效: 0, IPv4: 13, IPv6: 0, 最小延迟: 385 ms, 最高速率: 0.19 MiB/s, 平均速率: 0.00 MiB/s, 最高分辨率: —, 平均帧率: 未知, 视频编解码器: 未知, 音频编解码器: 未知
分类: 🏀┃体育频道, 名称: 安徽综艺体育, 有效: 0, IPv4: 3, IPv6: 0, 最小延迟: — ms, 最高速率: 0.00 MiB/s, 平均速率: 0.00 MiB/s, 最高分辨率: —, 平均帧率: 未知, 视频编解码器: 未知, 音频编解码器: 未知
分类: 🏀┃体育频道, 名称: 睛彩篮球, 有效: 5, IPv4: 17, IPv6: 0, 最小延迟: 47 ms, 最高速率: 64.94 MiB/s, 平均速率: 20.22 MiB/s, 最高分辨率: 1920x1080, 平均帧率: 25.0, 视频编解码器: h264, 音频编解码器: aac
分类: 🏀┃体育频道, 名称: 睛彩羽毛球, 有效: 0, IPv4: 3, IPv6: 0, 最小延迟: 399 ms, 最高速率: 0.45 MiB/s, 平均速率: 0.00 MiB/s, 最高分辨率: 1920x1080, 平均帧率: 25.0, 视频编解码器: h264, 音频编解码器: mp2
分类: 🏀┃体育频道, 名称: 睛彩广场舞, 有效: 2, IPv4: 15, IPv6: 0, 最小延迟: 75 ms, 最高速率: 4.25 MiB/s, 平均速率: 2.39 MiB/s, 最高分辨率: 1920x1080, 平均帧率: 25.0, 视频编解码器: h264, 音频编解码器: aac
分类: 🏀┃体育频道, 名称: 魅力足球, 有效: 0, IPv4: 6, IPv6: 0, 最小延迟: 402 ms, 最高速率: 0.32 MiB/s, 平均速率: 0.00 MiB/s, 最高分辨率: —, 平均帧率: 25.0, 视频编解码器: h264, 音频编解码器: aac
分类: 🏀┃体育频道, 名称: 足球频道, 有效: 0, IPv4: 4, IPv6: 0, 最小延迟: — ms, 最高速率: 0.00 MiB/s, 平均速率: 0.00 MiB/s, 最高分辨率: —, 平均帧率: 未知, 视频编解码器: 未知, 音频编解码器: 未知
分类: 🏀┃体育频道, 名称: 天元围棋, 有效: 6, IPv4: 6, IPv6: 0, 最小延迟: 48 ms, 最高速率: 23.64 MiB/s, 平均速率: 13.62 MiB/s, 最高分辨率: 1920x1080, 平均帧率: 未知, 视频编解码器: 未知, 音频编解码器: 未知
分类: 🏀┃体育频道, 名称: 快乐垂钓, 有效: 5, IPv4: 10, IPv6: 0, 最小延迟: 47 ms, 最高速率: 62.31 MiB/s, 平均速率: 35.90 MiB/s, 最高分辨率: 1920x1080, 平均帧率: 25.0, 视频编解码器: h264, 音频编解码器: aac
分类: 🏀┃体育频道, 名称: JJ斗地主, 有效: 1, IPv4: 11, IPv6: 0, 最小延迟: 142 ms, 最高速率: 0.53 MiB/s, 平均速率: 0.53 MiB/s, 最高分辨率: 1920x1080, 平均帧率: 未知, 视频编解码器: 未知, 音频编解码器: 未知
分类: 📚┃动画频道, 名称: 少儿动画, 有效: 0, IPv4: 16, IPv6: 0, 最小延迟: 305 ms, 最高速率: 0.28 MiB/s, 平均速率: 0.00 MiB/s, 最高分辨率: 1920x1080, 平均帧率: 25.0, 视频编解码器: h264, 音频编解码器: mp2
分类: 📚┃动画频道, 名称: 卡酷动画, 有效: 0, IPv4: 8, IPv6: 0, 最小延迟: 254 ms, 最高速率: 0.70 MiB/s, 平均速率: 0.00 MiB/s, 最高分辨率: 720x576, 平均帧率: 50.0, 视频编解码器: h264, 音频编解码器: aac
分类: 📚┃动画频道, 名称: 新动漫, 有效: 2, IPv4: 21, IPv6: 0, 最小延迟: 66 ms, 最高速率: 49.37 MiB/s, 平均速率: 48.71 MiB/s, 最高分辨率: 1920x1080, 平均帧率: 未知, 视频编解码器: 未知, 音频编解码器: 未知
分类: 📚┃动画频道, 名称: 爱动漫, 有效: 0, IPv4: 1, IPv6: 0, 最小延迟: — ms, 最高速率: 0.00 MiB/s, 平均速率: 0.00 MiB/s, 最高分辨率: —, 平均帧率: 未知, 视频编解码器: 未知, 音频编解码器: 未知
分类: 📚┃动画频道, 名称: CN卡通, 有效: 0, IPv4: 5, IPv6: 0, 最小延迟: — ms, 最高速率: 0.00 MiB/s, 平均速率: 0.00 MiB/s, 最高分辨率: 1920x1080, 平均帧率: 未知, 视频编解码器: 未知, 音频编解码器: 未知
分类: 📚┃动画频道, 名称: 优漫卡通, 有效: 5, IPv4: 32, IPv6: 0, 最小延迟: 41 ms, 最高速率: 70.92 MiB/s, 平均速率: 26.01 MiB/s, 最高分辨率: 1920x1080, 平均帧率: 25.62, 视频编解码器: h264, 音频编解码器: aac
分类: 📚┃动画频道, 名称: 宝宝动画, 有效: 0, IPv4: 2, IPv6: 0, 最小延迟: 430 ms, 最高速率: 0.37 MiB/s, 平均速率: 0.00 MiB/s, 最高分辨率: 1920x1080, 平均帧率: 25.0, 视频编解码器: h264, 音频编解码器: aac
分类: 📚┃动画频道, 名称: 金鹰卡通, 有效: 6, IPv4: 7, IPv6: 0, 最小延迟: 64 ms, 最高速率: 45.67 MiB/s, 平均速率: 33.96 MiB/s, 最高分辨率: 1920x1080, 平均帧率: 未知, 视频编解码器: 未知, 音频编解码器: 未知
分类: 📚┃动画频道, 名称: 黑莓动画, 有效: 2, IPv4: 8, IPv6: 0, 最小延迟: 51 ms, 最高速率: 59.60 MiB/s, 平均速率: 49.37 MiB/s, 最高分辨率: 1920x1080, 平均帧率: 未知, 视频编解码器: 未知, 音频编解码器: 未知
分类: 📚┃动画频道, 名称: 河北少儿科教, 有效: 0, IPv4: 5, IPv6: 0, 最小延迟: 311 ms, 最高速率: 0.45 MiB/s, 平均速率: 0.00 MiB/s, 最高分辨率: 960x540, 平均帧率: 25.0, 视频编解码器: h264, 音频编解码器: aac
分类: 📚┃动画频道, 名称: 七龙珠, 有效: 0, IPv4: 3, IPv6: 0, 最小延迟: 603 ms, 最高速率: 0.07 MiB/s, 平均速率: 0.00 MiB/s, 最高分辨率: —, 平均帧率: 未知, 视频编解码器: 未知, 音频编解码器: 未知
分类: 📚┃动画频道, 名称: 海绵宝宝, 有效: 0, IPv4: 3, IPv6: 0, 最小延迟: 114 ms, 最高速率: 0.21 MiB/s, 平均速率: 0.00 MiB/s, 最高分辨率: —, 平均帧率: 未知, 视频编解码器: 未知, 音频编解码器: 未知
分类: 📚┃动画频道, 名称: 中华小当家, 有效: 0, IPv4: 2, IPv6: 0, 最小延迟: 141 ms, 最高速率: 0.04 MiB/s, 平均速率: 0.00 MiB/s, 最高分辨率: —, 平均帧率: 未知, 视频编解码器: 未知, 音频编解码器: 未知
分类: 📚┃动画频道, 名称: 猫和老鼠, 有效: 1, IPv4: 4, IPv6: 0, 最小延迟: 98 ms, 最高速率: 1.95 MiB/s, 平均速率: 1.95 MiB/s, 最高分辨率: 1280x720, 平均帧率: 未知, 视频编解码器: 未知, 音频编解码器: 未知
分类: 📚┃动画频道, 名称: 火影忍者, 有效: 1, IPv4: 3, IPv6: 0, 最小延迟: 416 ms, 最高速率: 1.08 MiB/s, 平均速率: 1.08 MiB/s, 最高分辨率: 1920x1080, 平均帧率: 30.0, 视频编解码器: h264, 音频编解码器: aac
分类: 📚┃动画频道, 名称: 蜡笔小新, 有效: 1, IPv4: 2, IPv6: 0, 最小延迟: 546 ms, 最高速率: 1.04 MiB/s, 平均速率: 1.04 MiB/s, 最高分辨率: 1024x784, 平均帧率: 25.0, 视频编解码器: h264, 音频编解码器: aac
分类: 📚┃动画频道, 名称: 经典动漫, 有效: 0, IPv4: 1, IPv6: 0, 最小延迟: 312 ms, 最高速率: 0.20 MiB/s, 平均速率: 0.00 MiB/s, 最高分辨率: —, 平均帧率: 未知, 视频编解码器: 未知, 音频编解码器: 未知
分类: 🎵┃音乐频道, 名称: 音乐广播, 有效: 0, IPv4: 5, IPv6: 0, 最小延迟: 142 ms, 最高速率: 0.04 MiB/s, 平均速率: 0.00 MiB/s, 最高分辨率: —, 平均帧率: 未知, 视频编解码器: 未知, 音频编解码器: 未知
分类: 🎵┃音乐频道, 名称: 音乐调频广播, 有效: 0, IPv4: 1, IPv6: 0, 最小延迟: — ms, 最高速率: 0.00 MiB/s, 平均速率: 0.00 MiB/s, 最高分辨率: —, 平均帧率: 未知, 视频编解码器: 未知, 音频编解码器: 未知
分类: 🎵┃音乐频道, 名称: 音乐现场, 有效: 1, IPv4: 4, IPv6: 0, 最小延迟: 26 ms, 最高速率: 1.74 MiB/s, 平均速率: 1.74 MiB/s, 最高分辨率: 1920x1080, 平均帧率: 25.0, 视频编解码器: h264, 音频编解码器: mp2
分类: 🏛┃经典剧场, 名称: 笑傲江湖, 有效: 2, IPv4: 9, IPv6: 0, 最小延迟: 118 ms, 最高速率: 1.19 MiB/s, 平均速率: 0.90 MiB/s, 最高分辨率: 1920x1080, 平均帧率: 25.0, 视频编解码器: h264, 音频编解码器: aac
分类: 🏛┃经典剧场, 名称: 天龙八部, 有效: 1, IPv4: 9, IPv6: 0, 最小延迟: 357 ms, 最高速率: 0.40 MiB/s, 平均速率: 0.23 MiB/s, 最高分辨率: 1280x720, 平均帧率: 25.75, 视频编解码器: h264, 音频编解码器: aac
分类: 🏛┃经典剧场, 名称: 鹿鼎记, 有效: 1, IPv4: 6, IPv6: 0, 最小延迟: 10 ms, 最高速率: 0.87 MiB/s, 平均速率: 0.87 MiB/s, 最高分辨率: 1920x1080, 平均帧率: 未知, 视频编解码器: 未知, 音频编解码器: 未知
分类: 🏛┃经典剧场, 名称: 西游记, 有效: 3, IPv4: 7, IPv6: 0, 最小延迟: 78 ms, 最高速率: 4.18 MiB/s, 平均速率: 3.83 MiB/s, 最高分辨率: 1920x1080, 平均帧率: 未知, 视频编解码器: 未知, 音频编解码器: 未知
分类: 🏛┃经典剧场, 名称: 三国演义, 有效: 0, IPv4: 4, IPv6: 0, 最小延迟: 209 ms, 最高速率: 0.03 MiB/s, 平均速率: 0.00 MiB/s, 最高分辨率: 1280x720, 平均帧率: 未知, 视频编解码器: 未知, 音频编解码器: 未知
分类: 🏛┃经典剧场, 名称: 水浒传, 有效: 1, IPv4: 5, IPv6: 0, 最小延迟: 49 ms, 最高速率: 15.11 MiB/s, 平均速率: 15.11 MiB/s, 最高分辨率: 1440x1080, 平均帧率: 未知, 视频编解码器: 未知, 音频编解码器: 未知
分类: 🏛┃经典剧场, 名称: 新白娘子传奇, 有效: 0, IPv4: 5, IPv6: 0, 最小延迟: 679 ms, 最高速率: 0.56 MiB/s, 平均速率: 0.00 MiB/s, 最高分辨率: 800x600, 平均帧率: 24.0, 视频编解码器: h264, 音频编解码器: aac
分类: 🏛┃经典剧场, 名称: 封神榜, 有效: 2, IPv4: 9, IPv6: 0, 最小延迟: 371 ms, 最高速率: 1.78 MiB/s, 平均速率: 1.06 MiB/s, 最高分辨率: 1920x1080, 平均帧率: 25.0, 视频编解码器: h264, 音频编解码器: aac
分类: 🏛┃经典剧场, 名称: 闯关东, 有效: 1, IPv4: 2, IPv6: 0, 最小延迟: 49 ms, 最高速率: 24.71 MiB/s, 平均速率: 24.71 MiB/s, 最高分辨率: 1920x1080, 平均帧率: 25.0, 视频编解码器: h264, 音频编解码器: aac
分类: 🏛┃经典剧场, 名称: 射雕英雄传, 有效: 0, IPv4: 3, IPv6: 0, 最小延迟: 115 ms, 最高速率: 3.62 MiB/s, 平均速率: 0.00 MiB/s, 最高分辨率: 1274x670, 平均帧率: 25.0, 视频编解码器: h264, 音频编解码器: aac
分类: 🏛┃经典剧场, 名称: 上海滩, 有效: 0, IPv4: 1, IPv6: 0, 最小延迟: — ms, 最高速率: 0.00 MiB/s, 平均速率: 0.00 MiB/s, 最高分辨率: —, 平均帧率: 未知, 视频编解码器: 未知, 音频编解码器: 未知
